ï¿½A%ï¿½Speed      : 40MHz[0m
[0;ï¿½ets Jul 29 2019 12:21:46

rst:0x1 (POWERON_RESET),boot:0x13 (SPI_FAST_FLASH_BOOT)
configsip: 0, SPIWP:0xee
clk_drv:0x00,q_drv:0x00,d_drv:0x00,cs0_drv:0x00,hd_drv:0x00,wp_drv:0x00
mode:DIO, clock div:2
load:0x3fff0030,len:7112
load:0x40078000,len:15624
load:0x40080400,len:4
load:0x40080404,len:3876
entry 0x4008064c
[0;32mI (29) boot: ESP-IDF v5.1.4 2nd stage bootloader[0m
[0;32mI (29) boot: compile time Jun 16 2024 15:05:03[0m
[0;32mI (29) boot: Multicore bootloader[0m
[0;32mI (34) boot: chip revision: v3.1[0m
[0;32mI (37) boot.esp32: SPI Speed      : 40MHz[0m
[0;32mI (42) boot.esp32: SPI Mode       : DIO[0m
[0;32mI (47) boot.esp32: SPI Flash Size : 2MB[0m
[0;32mI (51) boot: Enabling RNG early entropy source...[0m
[0;32mI (57) boot: Partition Table:[0m
[0;32mI (60) boot: ## Label            Usage          Type ST Offset   Length[0m
[0;32mI (67) boot:  0 nvs              WiFi data        01 02 00009000 00006000[0m
[0;32mI (75) boot:  1 phy_init         RF data          01 01 0000f000 00001000[0m
[0;32mI (82) boot:  2 factory          factory app      00 00 00010000 00100000[0m
[0;32mI (90) boot: End of partition table[0m
[0;32mI (94) esp_image: segment 0: paddr=00010020 vaddr=3f400020 size=09850h ( 38992) map[0m
[0;32mI (117) esp_image: segment 1: paddr=00019878 vaddr=3ffb0000 size=02108h (  8456) load[0m
[0;32mI (120) esp_image: segment 2: paddr=0001b988 vaddr=40080000 size=04690h ( 18064) load[0m
[0;32mI (130) esp_image: segment 3: paddr=00020020 vaddr=400d0020 size=14504h ( 83204) map[0m
[0;32mI (161) esp_image: segment 4: paddr=0003452c vaddr=40084690 size=07a18h ( 31256) load[0m
[0;32mI (180) boot: Loaded app from partition at offset 0x10000[0m
[0;32mI (180) boot: Disabling RNG early entropy source...[0m
[0;32mI (192) cpu_start: Multicore app[0m
[0;32mI (192) cpu_start: Pro cpu up.[0m
[0;32mI (192) cpu_start: Starting app cpu, entry point is 0x400810f4[0m
[0;32mI (0) cpu_start: App cpu up.[0m
[0;32mI (210) cpu_start: Pro cpu start user code[0m
[0;32mI (210) cpu_start: cpu freq: 160000000 Hz[0m
[0;32mI (210) cpu_start: Application information:[0m
[0;32mI (215) cpu_start: Project name:     app-template[0m
[0;32mI (220) cpu_start: App version:      v5.1.4[0m
[0;32mI (225) cpu_start: Compile time:     Jun 16 2024 15:04:22[0m
[0;32mI (231) cpu_start: ELF file SHA256:  66571b7398ec190c...[0m
[0;32mI (237) cpu_start: ESP-IDF:          v5.1.4[0m
[0;32mI (242) cpu_start: Min chip rev:     v0.0[0m
[0;32mI (247) cpu_start: Max chip rev:     v3.99 [0m
[0;32mI (252) cpu_start: Chip rev:         v3.1[0m
[0;32mI (257) heap_init: Initializing. RAM available for dynamic allocation:[0m
[0;32mI (264) heap_init: At 3FFAE6E0 len 00001920 (6 KiB): DRAM[0m
[0;32mI (270) heap_init: At 3FFB2990 len 0002D670 (181 KiB): DRAM[0m
[0;32mI (276) heap_init: At 3FFE0440 len 00003AE0 (14 KiB): D/IRAM[0m
[0;32mI (282) heap_init: At 3FFE4350 len 0001BCB0 (111 KiB): D/IRAM[0m
[0;32mI (289) heap_init: At 4008C0A8 len 00013F58 (79 KiB): IRAM[0m
[0;32mI (296) spi_flash: detected chip: generic[0m
[0;32mI (299) spi_flash: flash io: dio[0m
[0;33mW (303) spi_flash: Detected size(4096k) larger than the size in the binary image header(2048k). Using the size in the binary image header.[0m
[0;32mI (317) app_start: Starting scheduler on CPU0[0m
[0;32mI (322) app_start: Starting scheduler on CPU1[0m
[0;32mI (322) main_task: Started on CPU0[0m
[0;32mI (332) main_task: Calling app_main()[0m

assert failed: timer_ll_set_clock_prescale /IDF/components/hal/esp32/include/hal/timer_ll.h:84 (divider >= 2 && divider <= 65536)


Backtrace: 0x40081726:0x3ffb4a30 0x400857b9:0x3ffb4a50 0x4008acf1:0x3ffb4a70 0x400e2cee:0x3ffb4b90 0x400e2df3:0x3ffb4bc0 0x400e305d:0x3ffb4c00 0x400d5694:0x3ffb4c40 0x400e3cbc:0x3ffb4c90 0x40087c9d:0x3ffb4cc0




ELF file SHA256: 66571b7398ec190c

Rebooting...
ets Jul 29 2019 12:21:46

rst:0xc (SW_CPU_RESET),boot:0x13 (SPI_FAST_FLASH_BOOT)
configsip: 0, SPIWP:0xee
clk_drv:0x00,q_drv:0x00,d_drv:0x00,cs0_drv:0x00,hd_drv:0x00,wp_drv:0x00
mode:DIO, clock div:2
load:0x3fff0030,len:7112
load:0x40078000,len:15624
load:0x40080400,len:4
load:0x40080404,len:3876
entry 0x4008064c
[0;32mI (29) boot: ESP-IDF v5.1.4 2nd stage bootloader[0m
[0;32mI (29) boot: compile time Jun 16 2024 15:05:03[0m
[0;32mI (29) boot: Multicore bootloader[0m
[0;32mI (34) boot: chip revision: v3.1[0m
[0;32mI (37) boot.esp32: SPI Speed      : 40MHz[0m
[0;32mI (42) boot.esp32: SPI Mode       : DIO[0m
[0;32mI (46) boot.esp32: SPI Flash Size : 2MB[0m
[0;32mI (51) boot: Enabling RNG early entropy source...[0m
[0;32mI (56) boot: Partition Table:[0m
[0;32mI (60) boot: ## Label            Usage          Type ST Offset   Length[0m
[0;32mI (67) boot:  0 nvs              WiFi data        01 02 00009000 00006000[0m
[0;32mI (75) boot:  1 phy_init         RF data          01 01 0000f000 00001000[0m
[0;32mI (82) boot:  2 factory          factory app      00 00 00010000 00100000[0m
[0;32mI (90) boot: End of partition table[0m
[0;32mI (94) esp_image: segment 0: paddr=00010020 vaddr=3f400020 size=09850h ( 38992) map[0m
[0;32mI (116) esp_image: segment 1: paddr=00019878 vaddr=3ffb0000 size=02108h (  8456) load[0m
[0;32mI (120) esp_image: segment 2: paddr=0001b988 vaddr=40080000 size=04690h ( 18064) load[0m
[0;32mI (130) esp_image: segment 3: paddr=00020020 vaddr=400d0020 size=14504h ( 83204) map[0m
[0;32mI (161) esp_image: segment 4: paddr=0003452c vaddr=40084690 size=07a18h ( 31256) load[0m
[0;32mI (180) boot: Loaded app from partition at offset 0x10000[0m
[0;32mI (180) boot: Disabling RNG early entropy source...[0m
[0;32mI (192) cpu_start: Multicore app[0m
[0;32mI (192) cpu_start: Pro cpu up.[0m
[0;32mI (192) cpu_start: Starting app cpu, entry point is 0x400810f4[0m
[0;32mI (180) cpu_start: App cpu up.[0m
[0;32mI (210) cpu_start: Pro cpu start user code[0m
[0;32mI (210) cpu_start: cpu freq: 160000000 Hz[0m
[0;32mI (210) cpu_start: Application information:[0m
[0;32mI (215) cpu_start: Project name:     app-template[0m
[0;32mI (220) cpu_start: App version:      v5.1.4[0m
[0;32mI (225) cpu_start: Compile time:     Jun 16 2024 15:04:22[0m
[0;32mI (231) cpu_start: ELF file SHA256:  66571b7398ec190c...[0m
[0;32mI (237) cpu_start: ESP-IDF:          v5.1.4[0m
[0;32mI (242) cpu_start: Min chip rev:     v0.0[0m
[0;32mI (247) cpu_start: Max chip rev:     v3.99 [0m
[0;32mI (252) cpu_start: Chip rev:         v3.1[0m
[0;32mI (257) heap_init: Initializing. RAM available for dynamic allocation:[0m
[0;32mI (264) heap_init: At 3FFAE6E0 len 00001920 (6 KiB): DRAM[0m
[0;32mI (270) heap_init: At 3FFB2990 len 0002D670 (181 KiB): DRAM[0m
[0;32mI (276) heap_init: At 3FFE0440 len 00003AE0 (14 KiB): D/IRAM[0m
[0;32mI (282) heap_init: At 3FFE4350 len 0001BCB0 (111 KiB): D/IRAM[0m
[0;32mI (289) heap_init: At 4008C0A8 len 00013F58 (79 KiB): IRAM[0m
[0;32mI (296) spi_flash: detected chip: generic[0m
[0;32mI (300) spi_flash: flash io: dio[0m
[0;33mW (303) spi_flash: Detected size(4096k) larger than the size in the binary image header(2048k). Using the size in the binary image header.[0m
[0;32mI (317) app_start: Starting scheduler on CPU0[0m
[0;32mI (322) app_start: Starting scheduler on CPU1[0m
[0;32mI (322) main_task: Started on CPU0[0m
[0;32mI (332) main_task: Calling app_main()[0m

assert failed: timer_ll_set_clock_prescale /IDF/components/hal/esp32/include/hal/timer_ll.h:84 (divider >= 2 && divider <= 65536)


Backtrace: 0x40081726:0x3ffb4a30 0x400857b9:0x3ffb4a50 0x4008acf1:0x3ffb4a70 0x400e2cee:0x3ffb4b90 0x400e2df3:0x3ffb4bc0 0x400e305d:0x3ffb4c00 0x400d5694:0x3ffb4c40 0x400e3cbc:0x3ffb4c90 0x40087c9d:0x3ffb4cc0




ELF file SHA256: 66571b7398ec190c

Rebooting...
ets Jul 29 2019 12:21:46

rst:0xc (SW_CPU_RESET),boot:0x13 (SPI_FAST_FLASH_BOOT)
configsip: 0, SPIWP:0xee
clk_drv:0x00,q_drv:0x00,d_drv:0x00,cs0_drv:0x00,hd_drv:0x00,wp_drv:0x00
mode:DIO, clock div:2
load:0x3fff0030,len:7112
load:0x40078000,len:15624
load:0x40080400,len:4
load:0x40080404,len:3876
entry 0x4008064c
[0;32mI (29) boot: ESP-IDF v5.1.4 2nd stage bootloader[0m
[0;32mI (29) boot: compile time Jun 16 2024 15:05:03[0m
[0;32mI (29) boot: Multicore bootloader[0m
[0;32mI (34) boot: chip revision: v3.1[0m
[0;32mI (37) boot.esp32: SPI Speed      : 40MHz[0m
[0;32mI (42) boot.esp32: SPI Mode       : DIO[0m
[0;32mI (46) boot.esp32: SPI Flash Size : 2MB[0m
[0;32mI (51) boot: Enabling RNG early entropy source...[0m
[0;32mI (56) boot: Partition Table:[0m
[0;32mI (60) boot: ## Label            Usage          Type ST Offset   Length[0m
[0;32mI (67) boot:  0 nvs              WiFi data        01 02 00009000 00006000[0m
[0;32mI (75) boot:  1 phy_init         RF data          01 01 0000f000 00001000[0m
[0;32mI (82) boot:  2 factory          factory app      00 00 00010000 00100000[0m
[0;32mI (90) boot: End of partition table[0m
[0;32mI (94) esp_image: segment 0: paddr=00010020 vaddr=3f400020 size=09850h ( 38992) map[0m
[0;32mI (116) esp_image: segment 1: paddr=00019878 vaddr=3ffb0000 size=02108h (  8456) load[0m
[0;32mI (120) esp_image: segment 2: paddr=0001b988 vaddr=40080000 size=04690h ( 18064) load[0m
[0;32mI (130) esp_image: segment 3: paddr=00020020 vaddr=400d0020 size=14504h ( 83204) map[0m
[0;32mI (161) esp_image: segment 4: paddr=0003452c vaddr=40084690 size=07a18h ( 31256) load[0m
[0;32mI (180) boot: Loaded app from partition at offset 0x10000[0m
[0;32mI (180) boot: Disabling RNG early entropy source...[0m
[0;32mI (192) cpu_start: Multicore app[0m
[0;32mI (192) cpu_start: Pro cpu up.[0m
[0;32mI (192) cpu_start: Starting app cpu, entry point is 0x400810f4[0m
[0;32mI (180) cpu_start: App cpu up.[0m
[0;32mI (210) cpu_start: Pro cpu start user code[0m
[0;32mI (210) cpu_start: cpu freq: 160000000 Hz[0m
[0;32mI (210) cpu_start: Application information:[0m
[0;32mI (215) cpu_start: Project name:     app-template[0m
[0;32mI (220) cpu_start: App version:      v5.1.4[0m
[0;32mI (225) cpu_start: Compile time:     Jun 16 2024 15:04:22[0m
[0;32mI (231) cpu_start: ELF file SHA256:  66571b7398ec190c...[0m
[0;32mI (237) cpu_start: ESP-IDF:          v5.1.4[0m
[0;32mI (242) cpu_start: Min chip rev:     v0.0[0m
[0;32mI (247) cpu_start: Max chip rev:     v3.99 [0m
[0;32mI (252) cpu_start: Chip rev:         v3.1[0m
[0;32mI (257) heap_init: Initializing. RAM available for dynamic allocation:[0m
[0;32mI (264) heap_init: At 3FFAE6E0 len 00001920 (6 KiB): DRAM[0m
[0;32mI (270) heap_init: At 3FFB2990 len 0002D670 (181 KiB): DRAM[0m
[0;32mI (276) heap_init: At 3FFE0440 len 00003AE0 (14 KiB): D/IRAM[0m
[0;32mI (282) heap_init: At 3FFE4350 len 0001BCB0 (111 KiB): D/IRAM[0m
[0;32mI (289) heap_init: At 4008C0A8 len 00013F58 (79 KiB): IRAM[0m
[0;32mI (296) spi_flash: detected chip: generic[0m
[0;32mI (300) spi_flash: flash io: dio[0m
[0;33mW (303) spi_flash: Detected size(4096k) larger than the size in the binary image header(2048k). Using the size in the binary image header.[0m
[0;32mI (317) app_start: Starting scheduler on CPU0[0m
[0;32mI (322) app_start: Starting scheduler on CPU1[0m
[0;32mI (322) main_task: Started on CPU0[0m
[0;32mI (332) main_task: Calling app_main()[0m

assert failed: timer_ll_set_clock_prescale /IDF/components/hal/esp32/include/hal/timer_ll.h:84 (divider >= 2 && divider <= 65536)


Backtrace: 0x40081726:0x3ffb4a30 0x400857b9:0x3ffb4a50 0x4008acf1:0x3ffb4a70 0x400e2cee:0x3ffb4b90 0x400e2df3:0x3ffb4bc0 0x400e305d:0x3ffb4c00 0x400d5694:0x3ffb4c40 0x400e3cbc:0x3ffb4c90 0x40087c9d:0x3ffb4cc0




ELF file SHA256: 66571b7398ec190c

Rebooting...
ets Jul 29 2019 12:21:46

rst:0xc (SW_CPU_RESET),boot:0x13 (SPI_FAST_FLASH_BOOT)
configsip: 0, SPIWP:0xee
clk_drv:0x00,q_drv:0x00,d_drv:0x00,cs0_drv:0x00,hd_drv:0x00,wp_drv:0x00
mode:DIO, clock div:2
load:0x3fff0030,len:7112
load:0x40078000,len:15624
load:0x40080400,len:4
load:0x40080404,len:3876
entry 0x4008064c
[0;32mI (29) boot: ESP-IDF v5.1.4 2nd stage bootloader[0m
[0;32mI (29) boot: compile time Jun 16 2024 15:05:03[0m
[0;32mI (29) boot: Multicore bootloader[0m
[0;32mI (34) boot: chip revision: v3.1[0m
[0;32mI (37) boot.esp32: SPI Speed      : 40MHz[0m
[0;32mI (42) boot.esp32: SPI Mode       : DIO[0m
[0;32mI (46) boot.esp32: SPI Flash Size : 2MB[0m
[0;32mI (51) boot: Enabling RNG early entropy source...[0m
[0;32mI (56) boot: Partition Table:[0m
[0;32mI (60) boot: ## Label            Usage          Type ST Offset   Length[0m
[0;32mI (67) boot:  0 nvs              WiFi data        01 02 00009000 00006000[0m
[0;32mI (75) boot:  1 phy_init         RF data          01 01 0000f000 00001000[0m
[0;32mI (82) boot:  2 factory          factory app      00 00 00010000 00100000[0m
[0;32mI (90) boot: End of partition table[0m
[0;32mI (94) esp_image: segment 0: paddr=00010020 vaddr=3f400020 size=09850h ( 38992) map[0m
[0;32mI (116) esp_image: segment 1: paddr=00019878 vaddr=3ffb0000 size=02108h (  8456) load[0m
[0;32mI (120) esp_image: segment 2: paddr=0001b988 vaddr=40080000 size=04690h ( 18064) load[0m
[0;32mI (130) esp_image: segment 3: paddr=00020020 vaddr=400d0020 size=14504h ( 83204) map[0m
[0;32mI (161) esp_image: segment 4: paddr=0003452c vaddr=40084690 size=07a18h ( 31256) load[0m
[0;32mI (180) boot: Loaded app from partition at offset 0x10000[0m
[0;32mI (180) boot: Disabling RNG early entropy source...[0m
[0;32mI (192) cpu_start: Multicore app[0m
[0;32mI (192) cpu_start: Pro cpu up.[0m
[0;32mI (192) cpu_start: Starting app cpu, entry point is 0x400810f4[0m
[0;32mI (180) cpu_start: App cpu up.[0m
[0;32mI (210) cpu_start: Pro cpu start user code[0m
[0;32mI (210) cpu_start: cpu freq: 160000000 Hz[0m
[0;32mI (210) cpu_start: Application information:[0m
[0;32mI (215) cpu_start: Project name:     app-template[0m
[0;32mI (220) cpu_start: App version:      v5.1.4[0m
[0;32mI (225) cpu_start: Compile time:     Jun 16 2024 15:04:22[0m
[0;32mI (231) cpu_start: ELF file SHA256:  66571b7398ec190c...[0m
[0;32mI (237) cpu_start: ESP-IDF:          v5.1.4[0m
[0;32mI (242) cpu_start: Min chip rev:     v0.0[0m
[0;32mI (247) cpu_start: Max chip rev:     v3.99 [0m
[0;32mI (252) cpu_start: Chip rev:         v3.1[0m
[0;32mI (257) heap_init: Initializing. RAM available for dynamic allocation:[0m
[0;32mI (264) heap_init: At 3FFAE6E0 len 00001920 (6 KiB): DRAM[0m
[0;32mI (270) heap_init: At 3FFB2990 len 0002D670 (181 KiB): DRAM[0m
[0;32mI (276) heap_init: At 3FFE0440 len 00003AE0 (14 KiB): D/IRAM[0m
[0;32mI (282) heap_init: At 3FFE4350 len 0001BCB0 (111 KiB): D/IRAM[0m
[0;32mI (289) heap_init: At 4008C0A8 len 00013F58 (79 KiB): IRAM[0m
[0;32mI (296) spi_flash: detected chip: generic[0m
[0;32mI (300) spi_flash: flash io: dio[0m
[0;33mW (303) spi_flash: Detected size(4096k) larger than the size in the binary image header(2048k). Using the size in the binary image header.[0m
[0;32mI (317) app_start: Starting scheduler on CPU0[0m
[0;32mI (322) app_start: Starting scheduler on CPU1[0m
[0;32mI (322) main_task: Started on CPU0[0m
[0;32mI (332) main_task: Calling app_main()[0m

assert failed: timer_ll_set_clock_prescale /IDF/components/hal/esp32/include/hal/timer_ll.h:84 (divider >= 2 && divider <= 65536)


Backtrace: 0x40081726:0x3ffb4a30 0x400857b9:0x3ffb4a50 0x4008acf1:0x3ffb4a70 0x400e2cee:0x3ffb4b90 0x400e2df3:0x3ffb4bc0 0x400e305d:0x3ffb4c00 0x400d5694:0x3ffb4c40 0x400e3cbc:0x3ffb4c90 0x40087c9d:0x3ffb4cc0




ELF file SHA256: 66571b7398ec190c

Rebooting...
ets Jul 29 2019 12:21:46

rst:0xc (SW_CPU_RESET),boot:0x13 (SPI_FAST_FLASH_BOOT)
configsip: 0, SPIWP:0xee
clk_drv:0x00,q_drv:0x00,d_drv:0x00,cs0_drv:0x00,hd_drv:0x00,wp_drv:0x00
mode:DIO, clock div:2
load:0x3fff0030,len:7112
load:0x40078000,len:15624
load:0x40080400,len:4
load:0x40080404,len:3876
entry 0x4008064c
[0;32mI (29) boot: ESP-IDF v5.1.4 2nd stage bootloader[0m
[0;32mI (29) boot: compile time Jun 16 2024 15:05:03[0m
[0;32mI (29) boot: Multicore bootloader[0m
[0;32mI (34) boot: chip revision: v3.1[0m
[0;32mI (37) boot.esp32: SPI Speed      : 40MHz[0m
[0;32mI (42) boot.esp32: SPI Mode       : DIO[0m
[0;32mI (46) boot.esp32: SPI Flash Size : 2MB[0m
[0;32mI (51) boot: Enabling RNG early entropy source...[0m
[0;32mI (56) boot: Partition Table:[0m
[0;32mI (60) boot: ## Label            Usage          Type ST Offset   Length[0m
[0;32mI (67) boot:  0 nvs              WiFi data        01 02 00009000 00006000[0m
[0;32mI (75) boot:  1 phy_init         RF data          01 01 0000f000 00001000[0m
[0;32mI (82) boot:  2 factory          factory app      00 00 00010000 00100000[0m
[0;32mI (90) boot: End of partition table[0m
[0;32mI (94) esp_image: segment 0: paddr=00010020 vaddr=3f400020 size=09850h ( 38992) map[0m
[0;32mI (116) esp_image: segment 1: paddr=00019878 vaddr=3ffb0000 size=02108h (  8456) load[0m
[0;32mI (120) esp_image: segment 2: paddr=0001b988 vaddr=40080000 size=04690h ( 18064) load[0m
[0;32mI (130) esp_image: segment 3: paddr=00020020 vaddr=400d0020 size=14504h ( 83204) map[0m
[0;32mI (161) esp_image: segment 4: paddr=0003452c vaddr=40084690 size=07a18h ( 31256) load[0m
[0;32mI (180) boot: Loaded app from partition at offset 0x10000[0m
[0;32mI (180) boot: Disabling RNG early entropy source...[0m
[0;32mI (192) cpu_start: Multicore app[0m
[0;32mI (192) cpu_start: Pro cpu up.[0m
[0;32mI (192) cpu_start: Starting app cpu, entry point is 0x400810f4[0m
[0;32mI (180) cpu_start: App cpu up.[0m
[0;32mI (210) cpu_start: Pro cpu start user code[0m
[0;32mI (210) cpu_start: cpu freq: 160000000 Hz[0m
[0;32mI (210) cpu_start: Application information:[0m
[0;32mI (215) cpu_start: Project name:     app-template[0m
[0;32mI (220) cpu_start: App version:      v5.1.4[0m
[0;32mI (225) cpu_start: Compile time:     Jun 16 2024 15:04:22[0m
[0;32mI (231) cpu_start: ELF file SHA256:  66571b7398ec190c...[0m
[0;32mI (237) cpu_start: ESP-IDF:          v5.1.4[0m
[0;32mI (242) cpu_start: Min chip rev:     v0.0[0m
[0;32mI (247) cpu_start: Max chip rev:     v3.99 [0m
[0;32mI (252) cpu_start: Chip rev:         v3.1[0m
[0;32mI (257) heap_init: Initializing. RAM available for dynamic allocation:[0m
[0;32mI (264) heap_init: At 3FFAE6E0 len 00001920 (6 KiB): DRAM[0m
[0;32mI (270) heap_init: At 3FFB2990 len 0002D670 (181 KiB): DRAM[0m
[0;32mI (276) heap_init: At 3FFE0440 len 00003AE0 (14 KiB): D/IRAM[0m
[0;32mI (282) heap_init: At 3FFE4350 len 0001BCB0 (111 KiB): D/IRAM[0m
[0;32mI (289) heap_init: At 4008C0A8 len 00013F58 (79 KiB): IRAM[0m
[0;32mI (296) spi_flash: detected chip: generic[0m
[0;32mI (300) spi_flash: flash io: dio[0m
[0;33mW (303) spi_flash: Detected size(4096k) larger than the size in the binary image header(2048k). Using the size in the binary image header.[0m
[0;32mI (317) app_start: Starting scheduler on CPU0[0m
[0;32mI (322) app_start: Starting scheduler on CPU1[0m
[0;32mI (322) main_task: Started on CPU0[0m
[0;32mI (332) main_task: Calling app_main()[0m

assert failed: timer_ll_set_clock_prescale /IDF/components/hal/esp32/include/hal/timer_ll.h:84 (divider >= 2 && divider <= 65536)


Backtrace: 0x40081726:0x3ffb4a30 0x400857b9:0x3ffb4a50 0x4008acf1:0x3ffb4a70 0x400e2cee:0x3ffb4b90 0x400e2df3:0x3ffb4bc0 0x400e305d:0x3ffb4c00 0x400d5694:0x3ffb4c40 0x400e3cbc:0x3ffb4c90 0x40087c9d:0x3ffb4cc0




ELF file SHA256: 66571b7398ec190c

Rebooting...
ets Jul 29 2019 12:21:46

rst:0xc (SW_CPU_RESET),boot:0x13 (SPI_FAST_FLASH_BOOT)
configsip: 0, SPIWP:0xee
clk_drv:0x00,q_drv:0x00,d_drv:0x00,cs0_drv:0x00,hd_drv:0x00,wp_drv:0x00
mode:DIO, clock div:2
load:0x3fff0030,len:7112
load:0x40078000,len:15624
load:0x40080400,len:4
load:0x40080404,len:3876
entry 0x4008064c
[0;32mI (29) boot: ESP-IDF v5.1.4 2nd stage bootloader[0m
[0;32mI (29) boot: compile time Jun 16 2024 15:05:03[0m
[0;32mI (29) boot: Multicore bootloader[0m
[0;32mI (34) boot: chip revision: v3.1[0m
[0;32mI (37) boot.esp32: SPI Speed      : 40MHz[0m
[0;32mI (42) boot.esp32: SPI Mode       : DIO[0m
[0;32mI (46) boot.esp32: SPI Flash Size : 2MB[0m
[0;32mI (51) boot: Enabling RNG early entropy source...[0m
[0;32mI (56) boot: Partition Table:[0m
[0;32mI (60) boot: ## Label            Usage          Type ST Offset   Length[0m
[0;32mI (67) boot:  0 nvs              WiFi data        01 02 00009000 00006000[0m
[0;32mI (75) boot:  1 phy_init         RF data          01 01 0000f000 00001000[0m
[0;32mI (82) boot:  2 factory          factory app      00 00 00010000 00100000[0m
[0;32mI (90) boot: End of partition table[0m
[0;32mI (94) esp_image: segment 0: paddr=00010020 vaddr=3f400020 size=09850h ( 38992) map[0m
[0;32mI (116) esp_image: segment 1: paddr=00019878 vaddr=3ffb0000 size=02108h (  8456) load[0m
[0;32mI (120) esp_image: segment 2: paddr=0001b988 vaddr=40080000 size=04690h ( 18064) load[0m
[0;32mI (130) esp_image: segment 3: paddr=00020020 vaddr=400d0020 size=14504h ( 83204) map[0m
[0;32mI (161) esp_image: segment 4: paddr=0003452c vaddr=40084690 size=07a18h ( 31256) load[0m
[0;32mI (180) boot: Loaded app from partition at offset 0x10000[0m
[0;32mI (180) boot: Disabling RNG early entropy source...[0m
[0;32mI (192) cpu_start: Multicore app[0m
[0;32mI (192) cpu_start: Pro cpu up.[0m
[0;32mI (192) cpu_start: Starting app cpu, entry point is 0x400810f4[0m
[0;32mI (180) cpu_start: App cpu up.[0m
[0;32mI (210) cpu_start: Pro cpu start user code[0m
[0;32mI (210) cpu_start: cpu freq: 160000000 Hz[0m
[0;32mI (210) cpu_start: Application information:[0m
[0;32mI (215) cpu_start: Project name:     app-template[0m
[0;32mI (220) cpu_start: App version:      v5.1.4[0m
[0;32mI (225) cpu_start: Compile time:     Jun 16 2024 15:04:22[0m
[0;32mI (231) cpu_start: ELF file SHA256:  66571b7398ec190c...[0m
[0;32mI (237) cpu_start: ESP-IDF:          v5.1.4[0m
[0;32mI (242) cpu_start: Min chip rev:     v0.0[0m
[0;32mI (247) cpu_start: Max chip rev:     v3.99 [0m
[0;32mI (252) cpu_start: Chip rev:         v3.1[0m
[0;32mI (257) heap_init: Initializing. RAM available for dynamic allocation:[0m
[0;32mI (264) heap_init: At 3FFAE6E0 len 00001920 (6 KiB): DRAM[0m
[0;32mI (270) heap_init: At 3FFB2990 len 0002D670 (181 KiB): DRAM[0m
[0;32mI (276) heap_init: At 3FFE0440 len 00003AE0 (14 KiB): D/IRAM[0m
[0;32mI (282) heap_init: At 3FFE4350 len 0001BCB0 (111 KiB): D/IRAM[0m
[0;32mI (289) heap_init: At 4008C0A8 len 00013F58 (79 KiB): IRAM[0m
[0;32mI (296) spi_flash: detected chip: generic[0m
[0;32mI (300) spi_flash: flash io: dio[0m
[0;33mW (303) spi_flash: Detected size(4096k) larger than the size in the binary image header(2048k). Using the size in the binary image header.[0m
[0;32mI (317) app_start: Starting scheduler on CPU0[0m
[0;32mI (322) app_start: Starting scheduler on CPU1[0m
[0;32mI (322) main_task: Started on CPU0[0m
[0;32mI (332) main_task: Calling app_main()[0m

assert failed: timer_ll_set_clock_prescale /IDF/components/hal/esp32/include/hal/timer_ll.h:84 (divider >= 2 && divider <= 65536)


Backtrace: 0x40081726:0x3ffb4a30 0x400857b9:0x3ffb4a50 0x4008acf1:0x3ffb4a70 0x400e2cee:0x3ffb4b90 0x400e2df3:0x3ffb4bc0 0x400e305d:0x3ffb4c00 0x400d5694:0x3ffb4c40 0x400e3cbc:0x3ffb4c90 0x40087c9d:0x3ffb4cc0




ELF file SHA256: 66571b7398ec190c

Rebooting...
ets Jul 29 2019 12:21:46

rst:0xc (SW_CPU_RESET),boot:0x13 (SPI_FAST_FLASH_BOOT)
configsip: 0, SPIWP:0xee
clk_drv:0x00,q_drv:0x00,d_drv:0x00,cs0_drv:0x00,hd_drv:0x00,wp_drv:0x00
mode:DIO, clock div:2
load:0x3fff0030,len:7112
load:0x40078000,len:15624
load:0x40080400,len:4
load:0x40080404,len:3876
entry 0x4008064c
[0;32mI (29) boot: ESP-IDF v5.1.4 2nd stage bootloader[0m
[0;32mI (29) boot: compile time Jun 16 2024 15:05:03[0m
[0;32mI (29) boot: Multicore bootloader[0m
[0;32mI (34) boot: chip revision: v3.1[0m
[0;32mI (37) boot.esp32: SPI Speed      : 40MHz[0m
[0;32mI (42) boot.esp32: SPI Mode       : DIO[0m
[0;32mI (46) boot.esp32: SPI Flash Size : 2MB[0m
[0;32mI (51) boot: Enabling RNG early entropy source...[0m
[0;32mI (56) boot: Partition Table:[0m
[0;32mI (60) boot: ## Label            Usage          Type ST Offset   Length[0m
[0;32mI (67) boot:  0 nvs              WiFi data        01 02 00009000 00006000[0m
[0;32mI (75) boot:  1 phy_init         RF data          01 01 0000f000 00001000[0m
[0;32mI (82) boot:  2 factory          factory app      00 00 00010000 00100000[0m
[0;32mI (90) boot: End of partition table[0m
[0;32mI (94) esp_image: segment 0: paddr=00010020 vaddr=3f400020 size=09850h ( 38992) map[0m
[0;32mI (116) esp_image: segment 1: paddr=00019878 vaddr=3ffb0000 size=02108h (  8456) load[0m
[0;32mI (120) esp_image: segment 2: paddr=0001b988 vaddr=40080000 size=04690h ( 18064) load[0m
[0;32mI (130) esp_image: segment 3: paddr=00020020 vaddr=400d0020 size=14504h ( 83204) map[0m
[0;32mI (161) esp_image: segment 4: paddr=0003452c vaddr=40084690 size=07a18h ( 31256) load[0m
[0;32mI (180) boot: Loaded app from partition at offset 0x10000[0m
[0;32mI (180) boot: Disabling RNG early entropy source...[0m
[0;32mI (192) cpu_start: Multicore app[0m
[0;32mI (192) cpu_start: Pro cpu up.[0m
[0;32mI (192) cpu_start: Starting app cpu, entry point is 0x400810f4[0m
[0;32mI (180) cpu_start: App cpu up.[0m
[0;32mI (210) cpu_start: Pro cpu start user code[0m
[0;32mI (210) cpu_start: cpu freq: 160000000 Hz[0m
[0;32mI (210) cpu_start: Application information:[0m
[0;32mI (215) cpu_start: Project name:     app-template[0m
[0;32mI (220) cpu_start: App version:      v5.1.4[0m
[0;32mI (225) cpu_start: Compile time:     Jun 16 2024 15:04:22[0m
[0;32mI (231) cpu_start: ELF file SHA256:  66571b7398ec190c...[0m
[0;32mI (237) cpu_start: ESP-IDF:          v5.1.4[0m
[0;32mI (242) cpu_start: Min chip rev:     v0.0[0m
[0;32mI (247) cpu_start: Max chip rev:     v3.99 [0m
[0;32mI (252) cpu_start: Chip rev:         v3.1[0m
[0;32mI (257) heap_init: Initializing. RAM available for dynamic allocation:[0m
[0;32mI (264) heap_init: At 3FFAE6E0 len 00001920 (6 KiB): DRAM[0m
[0;32mI (270) heap_init: At 3FFB2990 len 0002D670 (181 KiB): DRAM[0m
[0;32mI (276) heap_init: At 3FFE0440 len 00003AE0 (14 KiB): D/IRAM[0m
[0;32mI (282) heap_init: At 3FFE4350 len 0001BCB0 (111 KiB): D/IRAM[0m
[0;32mI (289) heap_init: At 4008C0A8 len 00013F58 (79 KiB): IRAM[0m
[0;32mI (296) spi_flash: detected chip: generic[0m
[0;32mI (300) spi_flash: flash io: dio[0m
[0;33mW (303) spi_flash: Detected size(4096k) larger than the size in the binary image header(2048k). Using the size in the binary image header.[0m
[0;32mI (317) app_start: Starting scheduler on CPU0[0m
[0;32mI (322) app_start: Starting scheduler on CPU1[0m
[0;32mI (322) main_task: Started on CPU0[0m
[0;32mI (332) main_task: Calling app_main()[0m

assert failed: timer_ll_set_clock_prescale /IDF/components/hal/esp32/include/hal/timer_ll.h:84 (divider >= 2 && divider <= 65536)


Backtrace: 0x40081726:0x3ffb4a30 0x400857b9:0x3ffb4a50 0x4008acf1:0x3ffb4a70 0x400e2cee:0x3ffb4b90 0x400e2df3:0x3ffb4bc0 0x400e305d:0x3ffb4c00 0x400d5694:0x3ffb4c40 0x400e3cbc:0x3ffb4c90 0x40087c9d:0x3ffb4cc0




ELF file SHA256: 66571b7398ec190c

Rebooting...
ets Jul 29 2019 12:21:46

rst:0xc (SW_CPU_RESET),boot:0x13 (SPI_FAST_FLASH_BOOT)
configsip: 0, SPIWP:0xee
clk_drv:0x00,q_drv:0x00,d_drv:0x00,cs0_drv:0x00,hd_drv:0x00,wp_drv:0x00
mode:DIO, clock div:2
load:0x3fff0030,len:7112
load:0x40078000,len:15624
load:0x40080400,len:4
load:0x40080404,len:3876
entry 0x4008064c
[0;32mI (29) boot: ESP-IDF v5.1.4 2nd stage bootloader[0m
[0;32mI (29) boot: compile time Jun 16 2024 15:05:03[0m
[0;32mI (29) boot: Multicore bootloader[0m
[0;32mI (34) boot: chip revision: v3.1[0m
[0;32mI (37) boot.esp32: SPI Speed      : 40MHz[0m
[0;32mI (42) boot.esp32: SPI Mode       : DIO[0m
[0;32mI (46) boot.esp32: SPI Flash Size : 2MB[0m
[0;32mI (51) boot: Enabling RNG early entropy source...[0m
[0;32mI (56) boot: Partition Table:[0m
[0;32mI (60) boot: ## Label            Usage          Type ST Offset   Length[0m
[0;32mI (67) boot:  0 nvs              WiFi data        01 02 00009000 00006000[0m
[0;32mI (75) boot:  1 phy_init         RF data          01 01 0000f000 00001000[0m
[0;32mI (82) boot:  2 factory          factory app      00 00 00010000 00100000[0m
[0;32mI (90) boot: End of partition table[0m
[0;32mI (94) esp_image: segment 0: paddr=00010020 vaddr=3f400020 size=09850h ( 38992) map[0m
[0;32mI (116) esp_image: segment 1: paddr=00019878 vaddr=3ffb0000 size=02108h (  8456) load[0m
[0;32mI (120) esp_image: segment 2: paddr=0001b988 vaddr=40080000 size=04690h ( 18064) load[0m
[0;32mI (130) esp_image: segment 3: paddr=00020020 vaddr=400d0020 size=14504h ( 83204) map[0m
[0;32mI (161) esp_image: segment 4: paddr=0003452c vaddr=40084690 size=07a18h ( 31256) load[0m
[0;32mI (180) boot: Loaded app from partition at offset 0x10000[0m
[0;32mI (180) boot: Disabling RNG early entropy source...[0m
[0;32mI (192) cpu_start: Multicore app[0m
[0;32mI (192) cpu_start: Pro cpu up.[0m
[0;32mI (192) cpu_start: Starting app cpu, entry point is 0x400810f4[0m
[0;32mI (180) cpu_start: App cpu up.[0m
[0;32mI (210) cpu_start: Pro cpu start user code[0m
[0;32mI (210) cpu_start: cpu freq: 160000000 Hz[0m
[0;32mI (210) cpu_start: Application information:[0m
[0;32mI (215) cpu_start: Project name:     app-template[0m
[0;32mI (220) cpu_start: App version:      v5.1.4[0m
[0;32mI (225) cpu_start: Compile time:     Jun 16 2024 15:04:22[0m
[0;32mI (231) cpu_start: ELF file SHA256:  66571b7398ec190c...[0m
[0;32mI (237) cpu_start: ESP-IDF:          v5.1.4[0m
[0;32mI (242) cpu_start: Min chip rev:     v0.0[0m
[0;32mI (247) cpu_start: Max chip rev:     v3.99 [0m
[0;32mI (252) cpu_start: Chip rev:         v3.1[0m
[0;32mI (257) heap_init: Initializing. RAM available for dynamic allocation:[0m
[0;32mI (264) heap_init: At 3FFAE6E0 len 00001920 (6 KiB): DRAM[0m
[0;32mI (270) heap_init: At 3FFB2990 len 0002D670 (181 KiB): DRAM[0m
[0;32mI (276) heap_init: At 3FFE0440 len 00003AE0 (14 KiB): D/IRAM[0m
[0;32mI (282) heap_init: At 3FFE4350 len 0001BCB0 (111 KiB): D/IRAM[0m
[0;32mI (289) heap_init: At 4008C0A8 len 00013F58 (79 KiB): IRAM[0m
[0;32mI (296) spi_flash: detected chip: generic[0m
[0;32mI (300) spi_flash: flash io: dio[0m
[0;33mW (303) spi_flash: Detected size(4096k) larger than the size in the binary image header(2048k). Using the size in the binary image header.[0m
[0;32mI (317) app_start: Starting scheduler on CPU0[0m
[0;32mI (322) app_start: Starting scheduler on CPU1[0m
[0;32mI (322) main_task: Started on CPU0[0m
[0;32mI (332) main_task: Calling app_main()[0m

assert failed: timer_ll_set_clock_prescale /IDF/components/hal/esp32/include/hal/timer_ll.h:84 (divider >= 2 && divider <= 65536)


Backtrace: 0x40081726:0x3ffb4a30 0x400857b9:0x3ffb4a50 0x4008acf1:0x3ffb4a70 0x400e2cee:0x3ffb4b90 0x400e2df3:0x3ffb4bc0 0x400e305d:0x3ffb4c00 0x400d5694:0x3ffb4c40 0x400e3cbc:0x3ffb4c90 0x40087c9d:0x3ffb4cc0




ELF file SHA256: 66571b7398ec190c

Rebooting...
ets Jul 29 2019 12:21:46

rst:0xc (SW_CPU_RESET),boot:0x13 (SPI_FAST_FLASH_BOOT)
configsip: 0, SPIWP:0xee
clk_drv:0x00,q_drv:0x00,d_drv:0x00,cs0_drv:0x00,hd_drv:0x00,wp_drv:0x00
mode:DIO, clock div:2
load:0x3fff0030,len:7112
load:0x40078000,len:15624
load:0x40080400,len:4
load:0x40080404,len:3876
entry 0x4008064c
[0;32mI (29) boot: ESP-IDF v5.1.4 2nd stage bootloader[0m
[0;32mI (29) boot: compile time Jun 16 2024 15:05:03[0m
[0;32mI (29) boot: Multicore bootloader[0m
[0;32mI (34) boot: chip revision: v3.1[0m
[0;32mI (37) boot.esp32: SPI Speed      : 40MHz[0m
[0;32mI (42) boot.esp32: SPI Mode       : DIO[0m
[0;32mI (46) boot.esp32: SPI Flash Size : 2MB[0m
[0;32mI (51) boot: Enabling RNG early entropy source...[0m
[0;32mI (56) boot: Partition Table:[0m
[0;32mI (60) boot: ## Label            Usage          Type ST Offset   Length[0m
[0;32mI (67) boot:  0 nvs              WiFi data        01 02 00009000 00006000[0m
[0;32mI (75) boot:  1 phy_init         RF data          01 01 0000f000 00001000[0m
[0;32mI (82) boot:  2 factory          factory app      00 00 00010000 00100000[0m
[0;32mI (90) boot: End of partition table[0m
[0;32mI (94) esp_image: segment 0: paddr=00010020 vaddr=3f400020 size=09850h ( 38992) map[0m
[0;32mI (116) esp_image: segment 1: paddr=00019878 vaddr=3ffb0000 size=02108h (  8456) load[0m
[0;32mI (120) esp_image: segment 2: paddr=0001b988 vaddr=40080000 size=04690h ( 18064) load[0m
[0;32mI (130) esp_image: segment 3: paddr=00020020 vaddr=400d0020 size=14504h ( 83204) map[0m
[0;32mI (161) esp_image: segment 4: paddr=0003452c vaddr=40084690 size=07a18h ( 31256) load[0m
[0;32mI (180) boot: Loaded app from partition at offset 0x10000[0m
[0;32mI (180) boot: Disabling RNG early entropy source...[0m
[0;32mI (192) cpu_start: Multicore app[0m
[0;32mI (192) cpu_start: Pro cpu up.[0m
[0;32mI (192) cpu_start: Starting app cpu, entry point is 0x400810f4[0m
[0;32mI (180) cpu_start: App cpu up.[0m
[0;32mI (210) cpu_start: Pro cpu start user code[0m
[0;32mI (210) cpu_start: cpu freq: 160000000 Hz[0m
[0;32mI (210) cpu_start: Application information:[0m
[0;32mI (215) cpu_start: Project name:     app-template[0m
[0;32mI (220) cpu_start: App version:      v5.1.4[0m
[0;32mI (225) cpu_start: Compile time:     Jun 16 2024 15:04:22[0m
[0;32mI (231) cpu_start: ELF file SHA256:  66571b7398ec190c...[0m
[0;32mI (237) cpu_start: ESP-IDF:          v5.1.4[0m
[0;32mI (242) cpu_start: Min chip rev:     v0.0[0m
[0;32mI (247) cpu_start: Max chip rev:     v3.99 [0m
[0;32mI (252) cpu_start: Chip rev:         v3.1[0m
[0;32mI (257) heap_init: Initializing. RAM available for dynamic allocation:[0m
[0;32mI (264) heap_init: At 3FFAE6E0 len 00001920 (6 KiB): DRAM[0m
[0;32mI (270) heap_init: At 3FFB2990 len 0002D670 (181 KiB): DRAM[0m
[0;32mI (276) heap_init: At 3FFE0440 len 00003AE0 (14 KiB): D/IRAM[0m
[0;32mI (282) heap_init: At 3FFE4350 len 0001BCB0 (111 KiB): D/IRAM[0m
[0;32mI (289) heap_init: At 4008C0A8 len 00013F58 (79 KiB): IRAM[0m
[0;32mI (296) spi_flash: detected chip: generic[0m
[0;32mI (300) spi_flash: flash io: dio[0m
[0;33mW (303) spi_flash: Detected size(4096k) larger than the size in the binary image header(2048k). Using the size in the binary image header.[0m
[0;32mI (317) app_start: Starting scheduler on CPU0[0m
[0;32mI (322) app_start: Starting scheduler on CPU1[0m
[0;32mI (322) main_task: Started on CPU0[0m
[0;32mI (332) main_task: Calling app_main()[0m

assert failed: timer_ll_set_clock_prescale /IDF/components/hal/esp32/include/hal/timer_ll.h:84 (divider >= 2 && divider <= 65536)


Backtrace: 0x40081726:0x3ffb4a30 0x400857b9:0x3ffb4a50 0x4008acf1:0x3ffb4a70 0x400e2cee:0x3ffb4b90 0x400e2df3:0x3ffb4bc0 0x400e305d:0x3ffb4c00 0x400d5694:0x3ffb4c40 0x400e3cbc:0x3ffb4c90 0x40087c9d:0x3ffb4cc0




ELF file SHA256: 66571b7398ec190c

Rebooting...
ets Jul 29 2019 12:21:46

rst:0xc (SW_CPU_RESET),boot:0x13 (SPI_FAST_FLASH_BOOT)
configsip: 0, SPIWP:0xee
clk_drv:0x00,q_drv:0x00,d_drv:0x00,cs0_drv:0x00,hd_drv:0x00,wp_drv:0x00
mode:DIO, clock div:2
load:0x3fff0030,len:7112
load:0x40078000,len:15624
load:0x40080400,len:4
load:0x40080404,len:3876
entry 0x4008064c
[0;32mI (29) boot: ESP-IDF v5.1.4 2nd stage bootloader[0m
[0;32mI (29) boot: compile time Jun 16 2024 15:05:03[0m
[0;32mI (29) boot: Multicore bootloader[0m
[0;32mI (34) boot: chip revision: v3.1[0m
[0;32mI (37) boot.esp32: SPI Speed      : 40MHz[0m
[0;32mI (42) boot.esp32: SPI Mode       : DIO[0m
[0;32mI (46) boot.esp32: SPI Flash Size : 2MB[0m
[0;32mI (51) boot: Enabling RNG early entropy source...[0m
[0;32mI (56) boot: Partition Table:[0m
[0;32mI (60) boot: ## Label            Usage          Type ST Offset   Length[0m
[0;32mI (67) boot:  0 nvs              WiFi data        01 02 00009000 00006000[0m
[0;32mI (75) boot:  1 phy_init         RF data          01 01 0000f000 00001000[0m
[0;32mI (82) boot:  2 factory          factory app      00 00 00010000 00100000[0m
[0;32mI (90) boot: End of partition table[0m
[0;32mI (94) esp_image: segment 0: paddr=00010020 vaddr=3f400020 size=09850h ( 38992) map[0m
[0;32mI (116) esp_image: segment 1: paddr=00019878 vaddr=3ffb0000 size=02108h (  8456) load[0m
[0;32mI (120) esp_image: segment 2: paddr=0001b988 vaddr=40080000 size=04690h ( 18064) load[0m
[0;32mI (130) esp_image: segment 3: paddr=00020020 vaddr=400d0020 size=14504h ( 83204) map[0m
[0;32mI (161) esp_image: segment 4: paddr=0003452c vaddr=40084690 size=07a18h ( 31256) load[0m
[0;32mI (180) boot: Loaded app from partition at offset 0x10000[0m
[0;32mI (180) boot: Disabling RNG early entropy source...[0m
[0;32mI (192) cpu_start: Multicore app[0m
[0;32mI (192) cpu_start: Pro cpu up.[0m
[0;32mI (192) cpu_start: Starting app cpu, entry point is 0x400810f4[0m
[0;32mI (180) cpu_start: App cpu up.[0m
[0;32mI (210) cpu_start: Pro cpu start user code[0m
[0;32mI (210) cpu_start: cpu freq: 160000000 Hz[0m
[0;32mI (210) cpu_start: Application information:[0m
[0;32mI (215) cpu_start: Project name:     app-template[0m
[0;32mI (220) cpu_start: App version:      v5.1.4[0m
[0;32mI (225) cpu_start: Compile time:     Jun 16 2024 15:04:22[0m
[0;32mI (231) cpu_start: ELF file SHA256:  66571b7398ec190c...[0m
[0;32mI (237) cpu_start: ESP-IDF:          v5.1.4[0m
[0;32mI (242) cpu_start: Min chip rev:     v0.0[0m
[0;32mI (247) cpu_start: Max chip rev:     v3.99 [0m
[0;32mI (252) cpu_start: Chip rev:         v3.1[0m
[0;32mI (257) heap_init: Initializing. RAM available for dynamic allocation:[0m
[0;32mI (264) heap_init: At 3FFAE6E0 len 00001920 (6 KiB): DRAM[0m
[0;32mI (270) heap_init: At 3FFB2990 len 0002D670 (181 KiB): DRAM[0m
[0;32mI (276) heap_init: At 3FFE0440 len 00003AE0 (14 KiB): D/IRAM[0m
[0;32mI (282) heap_init: At 3FFE4350 len 0001BCB0 (111 KiB): D/IRAM[0m
[0;32mI (289) heap_init: At 4008C0A8 len 00013F58 (79 KiB): IRAM[0m
[0;32mI (296) spi_flash: detected chip: generic[0m
[0;32mI (300) spi_flash: flash io: dio[0m
[0;33mW (303) spi_flash: Detected size(4096k) larger than the size in the binary image header(2048k). Using the size in the binary image header.[0m
[0;32mI (317) app_start: Starting scheduler on CPU0[0m
[0;32mI (322) app_start: Starting scheduler on CPU1[0m
[0;32mI (322) main_task: Started on CPU0[0m
[0;32mI (332) main_task: Calling app_main()[0m

assert failed: timer_ll_set_clock_prescale /IDF/components/hal/esp32/include/hal/timer_ll.h:84 (divider >= 2 && divider <= 65536)


Backtrace: 0x40081726:0x3ffb4a30 0x400857b9:0x3ffb4a50 0x4008acf1:0x3ffb4a70 0x400e2cee:0x3ffb4b90 0x400e2df3:0x3ffb4bc0 0x400e305d:0x3ffb4c00 0x400d5694:0x3ffb4c40 0x400e3cbc:0x3ffb4c90 0x40087c9d:0x3ffb4cc0




ELF file SHA256: 66571b7398ec190c

Rebooting...
ets Jul 29 2019 12:21:46

rst:0xc (SW_CPU_RESET),boot:0x13 (SPI_FAST_FLASH_BOOT)
configsip: 0, SPIWP:0xee
clk_drv:0x00,q_drv:0x00,d_drv:0x00,cs0_drv:0x00,hd_drv:0x00,wp_drv:0x00
mode:DIO, clock div:2
load:0x3fff0030,len:7112
load:0x40078000,len:15624
load:0x40080400,len:4
load:0x40080404,len:3876
entry 0x4008064c
[0;32mI (29) boot: ESP-IDF v5.1.4 2nd stage bootloader[0m
[0;32mI (29) boot: compile time Jun 16 2024 15:05:03[0m
[0;32mI (29) boot: Multicore bootloader[0m
[0;32mI (34) boot: chip revision: v3.1[0m
[0;32mI (37) boot.esp32: SPI Speed      : 40MHz[0m
[0;32mI (42) boot.esp32: SPI Mode       : DIO[0m
[0;32mI (46) boot.esp32: SPI Flash Size : 2MB[0m
[0;32mI (51) boot: Enabling RNG early entropy source...[0m
[0;32mI (56) boot: Partition Table:[0m
[0;32mI (60) boot: ## Label            Usage          Type ST Offset   Length[0m
[0;32mI (67) boot:  0 nvs              WiFi data        01 02 00009000 00006000[0m
[0;32mI (75) boot:  1 phy_init         RF data          01 01 0000f000 00001000[0m
[0;32mI (82) boot:  2 factory          factory app      00 00 00010000 00100000[0m
[0;32mI (90) boot: End of partition table[0m
[0;32mI (94) esp_image: segment 0: paddr=00010020 vaddr=3f400020 size=09850h ( 38992) map[0m
[0;32mI (116) esp_image: segment 1: paddr=00019878 vaddr=3ffb0000 size=02108h (  8456) load[0m
[0;32mI (120) esp_image: segment 2: paddr=0001b988 vaddr=40080000 size=04690h ( 18064) load[0m
[0;32mI (130) esp_image: segment 3: paddr=00020020 vaddr=400d0020 size=14504h ( 83204) map[0m
[0;32mI (161) esp_image: segment 4: paddr=0003452c vaddr=40084690 size=07a18h ( 31256) load[0m
[0;32mI (180) boot: Loaded app from partition at offset 0x10000[0m
[0;32mI (180) boot: Disabling RNG early entropy source...[0m
[0;32mI (192) cpu_start: Multicore app[0m
[0;32mI (192) cpu_start: Pro cpu up.[0m
[0;32mI (192) cpu_start: Starting app cpu, entry point is 0x400810f4[0m
[0;32mI (180) cpu_start: App cpu up.[0m
[0;32mI (210) cpu_start: Pro cpu start user code[0m
[0;32mI (210) cpu_start: cpu freq: 160000000 Hz[0m
[0;32mI (210) cpu_start: Application information:[0m
[0;32mI (215) cpu_start: Project name:     app-template[0m
[0;32mI (220) cpu_start: App version:      v5.1.4[0m
[0;32mI (225) cpu_start: Compile time:     Jun 16 2024 15:04:22[0m
[0;32mI (231) cpu_start: ELF file SHA256:  66571b7398ec190c...[0m
[0;32mI (237) cpu_start: ESP-IDF:          v5.1.4[0m
[0;32mI (242) cpu_start: Min chip rev:     v0.0[0m
[0;32mI (247) cpu_start: Max chip rev:     v3.99 [0m
[0;32mI (252) cpu_start: Chip rev:         v3.1[0m
[0;32mI (257) heap_init: Initializing. RAM available for dynamic allocation:[0m
[0;32mI (264) heap_init: At 3FFAE6E0 len 00001920 (6 KiB): DRAM[0m
[0;32mI (270) heap_init: At 3FFB2990 len 0002D670 (181 KiB): DRAM[0m
[0;32mI (276) heap_init: At 3FFE0440 len 00003AE0 (14 KiB): D/IRAM[0m
[0;32mI (282) heap_init: At 3FFE4350 len 0001BCB0 (111 KiB): D/IRAM[0m
[0;32mI (289) heap_init: At 4008C0A8 len 00013F58 (79 KiB): IRAM[0m
[0;32mI (296) spi_flash: detected chip: generic[0m
[0;32mI (300) spi_flash: flash io: dio[0m
[0;33mW (303) spi_flash: Detected size(4096k) larger than the size in the binary image header(2048k). Using the size in the binary image header.[0m
[0;32mI (317) app_start: Starting scheduler on CPU0[0m
[0;32mI (322) app_start: Starting scheduler on CPU1[0m
[0;32mI (322) main_task: Started on CPU0[0m
[0;32mI (332) main_task: Calling app_main()[0m

assert failed: timer_ll_set_clock_prescale /IDF/components/hal/esp32/include/hal/timer_ll.h:84 (divider >= 2 && divider <= 65536)


Backtrace: 0x40081726:0x3ffb4a30 0x400857b9:0x3ffb4a50 0x4008acf1:0x3ffb4a70 0x400e2cee:0x3ffb4b90 0x400e2df3:0x3ffb4bc0 0x400e305d:0x3ffb4c00 0x400d5694:0x3ffb4c40 0x400e3cbc:0x3ffb4c90 0x40087c9d:0x3ffb4cc0




ELF file SHA256: 66571b7398ec190c

Rebooting...
ets Jul 29 2019 12:21:46

rst:0xc (SW_CPU_RESET),boot:0x13 (SPI_FAST_FLASH_BOOT)
configsip: 0, SPIWP:0xee
clk_drv:0x00,q_drv:0x00,d_drv:0x00,cs0_drv:0x00,hd_drv:0x00,wp_drv:0x00
mode:DIO, clock div:2
load:0x3fff0030,len:7112
load:0x40078000,len:15624
load:0x40080400,len:4
load:0x40080404,len:3876
entry 0x4008064c
[0;32mI (29) boot: ESP-IDF v5.1.4 2nd stage bootloader[0m
[0;32mI (29) boot: compile time Jun 16 2024 15:05:03[0m
[0;32mI (29) boot: Multicore bootloader[0m
[0;32mI (34) boot: chip revision: v3.1[0m
[0;32mI (37) boot.esp32: SPI Speed      : 40MHz[0m
[0;32mI (42) boot.esp32: SPI Mode       : DIO[0m
[0;32mI (46) boot.esp32: SPI Flash Size : 2MB[0m
[0;32mI (51) boot: Enabling RNG early entropy source...[0m
[0;32mI (56) boot: Partition Table:[0m
[0;32mI (60) boot: ## Label            Usage          Type ST Offset   Length[0m
[0;32mI (67) boot:  0 nvs              WiFi data        01 02 00009000 00006000[0m
[0;32mI (75) boot:  1 phy_init         RF data          01 01 0000f000 00001000[0m
[0;32mI (82) boot:  2 factory          factory app      00 00 00010000 00100000[0m
[0;32mI (90) boot: End of partition table[0m
[0;32mI (94) esp_image: segment 0: paddr=00010020 vaddr=3f400020 size=09850h ( 38992) map[0m
[0;32mI (116) esp_image: segment 1: paddr=00019878 vaddr=3ffb0000 size=02108h (  8456) load[0m
[0;32mI (120) esp_image: segment 2: paddr=0001b988 vaddr=40080000 size=04690h ( 18064) load[0m
[0;32mI (130) esp_image: segment 3: paddr=00020020 vaddr=400d0020 size=14504h ( 83204) map[0m
[0;32mI (161) esp_image: segment 4: paddr=0003452c vaddr=40084690 size=07a18h ( 31256) load[0m
[0;32mI (180) boot: Loaded app from partition at offset 0x10000[0m
[0;32mI (180) boot: Disabling RNG early entropy source...[0m
[0;32mI (192) cpu_start: Multicore app[0m
[0;32mI (192) cpu_start: Pro cpu up.[0m
[0;32mI (192) cpu_start: Starting app cpu, entry point is 0x400810f4[0m
[0;32mI (180) cpu_start: App cpu up.[0m
[0;32mI (210) cpu_start: Pro cpu start user code[0m
[0;32mI (210) cpu_start: cpu freq: 160000000 Hz[0m
[0;32mI (210) cpu_start: Application information:[0m
[0;32mI (215) cpu_start: Project name:     app-template[0m
[0;32mI (220) cpu_start: App version:      v5.1.4[0m
[0;32mI (225) cpu_start: Compile time:     Jun 16 2024 15:04:22[0m
[0;32mI (231) cpu_start: ELF file SHA256:  66571b7398ec190c...[0m
[0;32mI (237) cpu_start: ESP-IDF:          v5.1.4[0m
[0;32mI (242) cpu_start: Min chip rev:     v0.0[0m
[0;32mI (247) cpu_start: Max chip rev:     v3.99 [0m
[0;32mI (252) cpu_start: Chip rev:         v3.1[0m
[0;32mI (257) heap_init: Initializing. RAM available for dynamic allocation:[0m
[0;32mI (264) heap_init: At 3FFAE6E0 len 00001920 (6 KiB): DRAM[0m
[0;32mI (270) heap_init: At 3FFB2990 len 0002D670 (181 KiB): DRAM[0m
[0;32mI (276) heap_init: At 3FFE0440 len 00003AE0 (14 KiB): D/IRAM[0m
[0;32mI (282) heap_init: At 3FFE4350 len 0001BCB0 (111 KiB): D/IRAM[0m
[0;32mI (289) heap_init: At 4008C0A8 len 00013F58 (79 KiB): IRAM[0m
[0;32mI (296) spi_flash: detected chip: generic[0m
[0;32mI (300) spi_flash: flash io: dio[0m
[0;33mW (303) spi_flash: Detected size(4096k) larger than the size in the binary image header(2048k). Using the size in the binary image header.[0m
[0;32mI (317) app_start: Starting scheduler on CPU0[0m
[0;32mI (322) app_start: Starting scheduler on CPU1[0m
[0;32mI (322) main_task: Started on CPU0[0m
[0;32mI (332) main_task: Calling app_main()[0m

assert failed: timer_ll_set_clock_prescale /IDF/components/hal/esp32/include/hal/timer_ll.h:84 (divider >= 2 && divider <= 65536)


Backtrace: 0x40081726:0x3ffb4a30 0x400857b9:0x3ffb4a50 0x4008acf1:0x3ffb4a70 0x400e2cee:0x3ffb4b90 0x400e2df3:0x3ffb4bc0 0x400e305d:0x3ffb4c00 0x400d5694:0x3ffb4c40 0x400e3cbc:0x3ffb4c90 0x40087c9d:0x3ffb4cc0




ELF file SHA256: 66571b7398ec190c

Rebooting...
ets Jul 29 2019 12:21:46

rst:0xc (SW_CPU_RESET),boot:0x13 (SPI_FAST_FLASH_BOOT)
configsip: 0, SPIWP:0xee
clk_drv:0x00,q_drv:0x00,d_drv:0x00,cs0_drv:0x00,hd_drv:0x00,wp_drv:0x00
mode:DIO, clock div:2
load:0x3fff0030,len:7112
load:0x40078000,len:15624
load:0x40080400,len:4
load:0x40080404,len:3876
entry 0x4008064c
[0;32mI (29) boot: ESP-IDF v5.1.4 2nd stage bootloader[0m
[0;32mI (29) boot: compile time Jun 16 2024 15:05:03[0m
[0;32mI (29) boot: Multicore bootloader[0m
[0;32mI (34) boot: chip revision: v3.1[0m
[0;32mI (37) boot.esp32: SPI Speed      : 40MHz[0m
[0;32mI (42) boot.esp32: SPI Mode       : DIO[0m
[0;32mI (46) boot.esp32: SPI Flash Size : 2MB[0m
[0;32mI (51) boot: Enabling RNG early entropy source...[0m
[0;32mI (56) boot: Partition Table:[0m
[0;32mI (60) boot: ## Label            Usage          Type ST Offset   Length[0m
[0;32mI (67) boot:  0 nvs              WiFi data        01 02 00009000 00006000[0m
[0;32mI (75) boot:  1 phy_init         RF data          01 01 0000f000 00001000[0m
[0;32mI (82) boot:  2 factory          factory app      00 00 00010000 00100000[0m
[0;32mI (90) boot: End of partition table[0m
[0;32mI (94) esp_image: segment 0: paddr=00010020 vaddr=3f400020 size=09850h ( 38992) map[0m
[0;32mI (116) esp_image: segment 1: paddr=00019878 vaddr=3ffb0000 size=02108h (  8456) load[0m
[0;32mI (120) esp_image: segment 2: paddr=0001b988 vaddr=40080000 size=04690h ( 18064) load[0m
[0;32mI (130) esp_image: segment 3: paddr=00020020 vaddr=400d0020 size=14504h ( 83204) map[0m
[0;32mI (161) esp_image: segment 4: paddr=0003452c vaddr=40084690 size=07a18h ( 31256) load[0m
[0;32mI (180) boot: Loaded app from partition at offset 0x10000[0m
[0;32mI (180) boot: Disabling RNG early entropy source...[0m
[0;32mI (192) cpu_start: Multicore app[0m
[0;32mI (192) cpu_start: Pro cpu up.[0m
[0;32mI (192) cpu_start: Starting app cpu, entry point is 0x400810f4[0m
[0;32mI (180) cpu_start: App cpu up.[0m
[0;32mI (210) cpu_start: Pro cpu start user code[0m
[0;32mI (210) cpu_start: cpu freq: 160000000 Hz[0m
[0;32mI (210) cpu_start: Application information:[0m
[0;32mI (215) cpu_start: Project name:     app-template[0m
[0;32mI (220) cpu_start: App version:      v5.1.4[0m
[0;32mI (225) cpu_start: Compile time:     Jun 16 2024 15:04:22[0m
[0;32mI (231) cpu_start: ELF file SHA256:  66571b7398ec190c...[0m
[0;32mI (237) cpu_start: ESP-IDF:          v5.1.4[0m
[0;32mI (242) cpu_start: Min chip rev:     v0.0[0m
[0;32mI (247) cpu_start: Max chip rev:     v3.99 [0m
[0;32mI (252) cpu_start: Chip rev:         v3.1[0m
[0;32mI (257) heap_init: Initializing. RAM available for dynamic allocation:[0m
[0;32mI (264) heap_init: At 3FFAE6E0 len 00001920 (6 KiB): DRAM[0m
[0;32mI (270) heap_init: At 3FFB2990 len 0002D670 (181 KiB): DRAM[0m
[0;32mI (276) heap_init: At 3FFE0440 len 00003AE0 (14 KiB): D/IRAM[0m
[0;32mI (282) heap_init: At 3FFE4350 len 0001BCB0 (111 KiB): D/IRAM[0m
[0;32mI (289) heap_init: At 4008C0A8 len 00013F58 (79 KiB): IRAM[0m
[0;32mI (296) spi_flash: detected chip: generic[0m
[0;32mI (300) spi_flash: flash io: dio[0m
[0;33mW (303) spi_flash: Detected size(4096k) larger than the size in the binary image header(2048k). Using the size in the binary image header.[0m
[0;32mI (317) app_start: Starting scheduler on CPU0[0m
[0;32mI (322) app_start: Starting scheduler on CPU1[0m
[0;32mI (322) main_task: Started on CPU0[0m
[0;32mI (332) main_task: Calling app_main()[0m

assert failed: timer_ll_set_clock_prescale /IDF/components/hal/esp32/include/hal/timer_ll.h:84 (divider >= 2 && divider <= 65536)


Backtrace: 0x40081726:0x3ffb4a30 0x400857b9:0x3ffb4a50 0x4008acf1:0x3ffb4a70 0x400e2cee:0x3ffb4b90 0x400e2df3:0x3ffb4bc0 0x400e305d:0x3ffb4c00 0x400d5694:0x3ffb4c40 0x400e3cbc:0x3ffb4c90 0x40087c9d:0x3ffb4cc0




ELF file SHA256: 66571b7398ec190c

Rebooting...
ets Jul 29 2019 12:21:46

rst:0xc (SW_CPU_RESET),boot:0x13 (SPI_FAST_FLASH_BOOT)
configsip: 0, SPIWP:0xee
clk_drv:0x00,q_drv:0x00,d_drv:0x00,cs0_drv:0x00,hd_drv:0x00,wp_drv:0x00
mode:DIO, clock div:2
load:0x3fff0030,len:7112
load:0x40078000,len:15624
load:0x40080400,len:4
load:0x40080404,len:3876
entry 0x4008064c
[0;32mI (29) boot: ESP-IDF v5.1.4 2nd stage bootloader[0m
[0;32mI (29) boot: compile time Jun 16 2024 15:05:03[0m
[0;32mI (29) boot: Multicore bootloader[0m
[0;32mI (34) boot: chip revision: v3.1[0m
[0;32mI (37) boot.esp32: SPI Speed      : 40MHz[0m
[0;32mI (42) boot.esp32: SPI Mode       : DIO[0m
[0;32mI (46) boot.esp32: SPI Flash Size : 2MB[0m
[0;32mI (51) boot: Enabling RNG early entropy source...[0m
[0;32mI (56) boot: Partition Table:[0m
[0;32mI (60) boot: ## Label            Usage          Type ST Offset   Length[0m
[0;32mI (67) boot:  0 nvs              WiFi data        01 02 00009000 00006000[0m
[0;32mI (75) boot:  1 phy_init         RF data          01 01 0000f000 00001000[0m
[0;32mI (82) boot:  2 factory          factory app      00 00 00010000 00100000[0m
[0;32mI (90) boot: End of partition table[0m
[0;32mI (94) esp_image: segment 0: paddr=00010020 vaddr=3f400020 size=09850h ( 38992) map[0m
[0;32mI (116) esp_image: segment 1: paddr=00019878 vaddr=3ffb0000 size=02108h (  8456) load[0m
[0;32mI (120) esp_image: segment 2: paddr=0001b988 vaddr=40080000 size=04690h ( 18064) load[0m
[0;32mI (130) esp_image: segment 3: paddr=00020020 vaddr=400d0020 size=14504h ( 83204) map[0m
[0;32mI (161) esp_image: segment 4: paddr=0003452c vaddr=40084690 size=07a18h ( 31256) load[0m
[0;32mI (180) boot: Loaded app from partition at offset 0x10000[0m
[0;32mI (180) boot: Disabling RNG early entropy source...[0m
[0;32mI (192) cpu_start: Multicore app[0m
[0;32mI (192) cpu_start: Pro cpu up.[0m
[0;32mI (192) cpu_start: Starting app cpu, entry point is 0x400810f4[0m
[0;32mI (180) cpu_start: App cpu up.[0m
[0;32mI (210) cpu_start: Pro cpu start user code[0m
[0;32mI (210) cpu_start: cpu freq: 160000000 Hz[0m
[0;32mI (210) cpu_start: Application information:[0m
[0;32mI (215) cpu_start: Project name:     app-template[0m
[0;32mI (220) cpu_start: App version:      v5.1.4[0m
[0;32mI (225) cpu_start: Compile time:     Jun 16 2024 15:04:22[0m
[0;32mI (231) cpu_start: ELF file SHA256:  66571b7398ec190c...[0m
[0;32mI (237) cpu_start: ESP-IDF:          v5.1.4[0m
[0;32mI (242) cpu_start: Min chip rev:     v0.0[0m
[0;32mI (247) cpu_start: Max chip rev:     v3.99 [0m
[0;32mI (252) cpu_start: Chip rev:         v3.1[0m
[0;32mI (257) heap_init: Initializing. RAM available for dynamic allocation:[0m
[0;32mI (264) heap_init: At 3FFAE6E0 len 00001920 (6 KiB): DRAM[0m
[0;32mI (270) heap_init: At 3FFB2990 len 0002D670 (181 KiB): DRAM[0m
[0;32mI (276) heap_init: At 3FFE0440 len 00003AE0 (14 KiB): D/IRAM[0m
[0;32mI (282) heap_init: At 3FFE4350 len 0001BCB0 (111 KiB): D/IRAM[0m
[0;32mI (289) heap_init: At 4008C0A8 len 00013F58 (79 KiB): IRAM[0m
[0;32mI (296) spi_flash: detected chip: generic[0m
[0;32mI (300) spi_flash: flash io: dio[0m
[0;33mW (303) spi_flash: Detected size(4096k) larger than the size in the binary image header(2048k). Using the size in the binary image header.[0m
[0;32mI (317) app_start: Starting scheduler on CPU0[0m
[0;32mI (322) app_start: Starting scheduler on CPU1[0m
[0;32mI (322) main_task: Started on CPU0[0m
[0;32mI (332) main_task: Calling app_main()[0m

assert failed: timer_ll_set_clock_prescale /IDF/components/hal/esp32/include/hal/timer_ll.h:84 (divider >= 2 && divider <= 65536)


Backtrace: 0x40081726:0x3ffb4a30 0x400857b9:0x3ffb4a50 0x4008acf1:0x3ffb4a70 0x400e2cee:0x3ffb4b90 0x400e2df3:0x3ffb4bc0 0x400e305d:0x3ffb4c00 0x400d5694:0x3ffb4c40 0x400e3cbc:0x3ffb4c90 0x40087c9d:0x3ffb4cc0




ELF file SHA256: 66571b7398ec190c

Rebooting...
ets Jul 29 2019 12:21:46

rst:0xc (SW_CPU_RESET),boot:0x13 (SPI_FAST_FLASH_BOOT)
configsip: 0, SPIWP:0xee
clk_drv:0x00,q_drv:0x00,d_drv:0x00,cs0_drv:0x00,hd_drv:0x00,wp_drv:0x00
mode:DIO, clock div:2
load:0x3fff0030,len:7112
load:0x40078000,len:15624
load:0x40080400,len:4
load:0x40080404,len:3876
entry 0x4008064c
[0;32mI (29) boot: ESP-IDF v5.1.4 2nd stage bootloader[0m
[0;32mI (29) boot: compile time Jun 16 2024 15:05:03[0m
[0;32mI (29) boot: Multicore bootloader[0m
[0;32mI (34) boot: chip revision: v3.1[0m
[0;32mI (37) boot.esp32: SPI Speed      : 40MHz[0m
[0;32mI (42) boot.esp32: SPI Mode       : DIO[0m
[0;32mI (46) boot.esp32: SPI Flash Size : 2MB[0m
[0;32mI (51) boot: Enabling RNG early entropy source...[0m
[0;32mI (56) boot: Partition Table:[0m
[0;32mI (60) boot: ## Label            Usage          Type ST Offset   Length[0m
[0;32mI (67) boot:  0 nvs              WiFi data        01 02 00009000 00006000[0m
[0;32mI (75) boot:  1 phy_init         RF data          01 01 0000f000 00001000[0m
[0;32mI (82) boot:  2 factory          factory app      00 00 00010000 00100000[0m
[0;32mI (90) boot: End of partition table[0m
[0;32mI (94) esp_image: segment 0: paddr=00010020 vaddr=3f400020 size=09850h ( 38992) map[0m
[0;32mI (116) esp_image: segment 1: paddr=00019878 vaddr=3ffb0000 size=02108h (  8456) load[0m
[0;32mI (120) esp_image: segment 2: paddr=0001b988 vaddr=40080000 size=04690h ( 18064) load[0m
[0;32mI (130) esp_image: segment 3: paddr=00020020 vaddr=400d0020 size=14504h ( 83204) map[0m
[0;32mI (161) esp_image: segment 4: paddr=0003452c vaddr=40084690 size=07a18h ( 31256) load[0m
[0;32mI (180) boot: Loaded app from partition at offset 0x10000[0m
[0;32mI (180) boot: Disabling RNG early entropy source...[0m
[0;32mI (192) cpu_start: Multicore app[0m
[0;32mI (192) cpu_start: Pro cpu up.[0m
[0;32mI (192) cpu_start: Starting app cpu, entry point is 0x400810f4[0m
[0;32mI (180) cpu_start: App cpu up.[0m
[0;32mI (210) cpu_start: Pro cpu start user code[0m
[0;32mI (210) cpu_start: cpu freq: 160000000 Hz[0m
[0;32mI (210) cpu_start: Application information:[0m
[0;32mI (215) cpu_start: Project name:     app-template[0m
[0;32mI (220) cpu_start: App version:      v5.1.4[0m
[0;32mI (225) cpu_start: Compile time:     Jun 16 2024 15:04:22[0m
[0;32mI (231) cpu_start: ELF file SHA256:  66571b7398ec190c...[0m
[0;32mI (237) cpu_start: ESP-IDF:          v5.1.4[0m
[0;32mI (242) cpu_start: Min chip rev:     v0.0[0m
[0;32mI (247) cpu_start: Max chip rev:     v3.99 [0m
[0;32mI (252) cpu_start: Chip rev:         v3.1[0m
[0;32mI (257) heap_init: Initializing. RAM available for dynamic allocation:[0m
[0;32mI (264) heap_init: At 3FFAE6E0 len 00001920 (6 KiB): DRAM[0m
[0;32mI (270) heap_init: At 3FFB2990 len 0002D670 (181 KiB): DRAM[0m
[0;32mI (276) heap_init: At 3FFE0440 len 00003AE0 (14 KiB): D/IRAM[0m
[0;32mI (282) heap_init: At 3FFE4350 len 0001BCB0 (111 KiB): D/IRAM[0m
[0;32mI (289) heap_init: At 4008C0A8 len 00013F58 (79 KiB): IRAM[0m
[0;32mI (296) spi_flash: detected chip: generic[0m
[0;32mI (300) spi_flash: flash io: dio[0m
[0;33mW (303) spi_flash: Detected size(4096k) larger than the size in the binary image header(2048k). Using the size in the binary image header.[0m
[0;32mI (317) app_start: Starting scheduler on CPU0[0m
[0;32mI (322) app_start: Starting scheduler on CPU1[0m
[0;32mI (322) main_task: Started on CPU0[0m
[0;32mI (332) main_task: Calling app_main()[0m

assert failed: timer_ll_set_clock_prescale /IDF/components/hal/esp32/include/hal/timer_ll.h:84 (divider >= 2 && divider <= 65536)


Backtrace: 0x40081726:0x3ffb4a30 0x400857b9:0x3ffb4a50 0x4008acf1:0x3ffb4a70 0x400e2cee:0x3ffb4b90 0x400e2df3:0x3ffb4bc0 0x400e305d:0x3ffb4c00 0x400d5694:0x3ffb4c40 0x400e3cbc:0x3ffb4c90 0x40087c9d:0x3ffb4cc0




ELF file SHA256: 66571b7398ec190c

Rebooting...
ets Jul 29 2019 12:21:46

rst:0xc (SW_CPU_RESET),boot:0x13 (SPI_FAST_FLASH_BOOT)
configsip: 0, SPIWP:0xee
clk_drv:0x00,q_drv:0x00,d_drv:0x00,cs0_drv:0x00,hd_drv:0x00,wp_drv:0x00
mode:DIO, clock div:2
load:0x3fff0030,len:7112
load:0x40078000,len:15624
load:0x40080400,len:4
load:0x40080404,len:3876
entry 0x4008064c
[0;32mI (29) boot: ESP-IDF v5.1.4 2nd stage bootloader[0m
[0;32mI (29) boot: compile time Jun 16 2024 15:05:03[0m
[0;32mI (29) boot: Multicore bootloader[0m
[0;32mI (34) boot: chip revision: v3.1[0m
[0;32mI (37) boot.esp32: SPI Speed      : 40MHz[0m
[0;32mI (42) boot.esp32: SPI Mode       : DIO[0m
[0;32mI (46) boot.esp32: SPI Flash Size : 2MB[0m
[0;32mI (51) boot: Enabling RNG early entropy source...[0m
[0;32mI (56) boot: Partition Table:[0m
[0;32mI (60) boot: ## Label            Usage          Type ST Offset   Length[0m
[0;32mI (67) boot:  0 nvs              WiFi data        01 02 00009000 00006000[0m
[0;32mI (75) boot:  1 phy_init         RF data          01 01 0000f000 00001000[0m
[0;32mI (82) boot:  2 factory          factory app      00 00 00010000 00100000[0m
[0;32mI (90) boot: End of partition table[0m
[0;32mI (94) esp_image: segment 0: paddr=00010020 vaddr=3f400020 size=09850h ( 38992) map[0m
[0;32mI (116) esp_image: segment 1: paddr=00019878 vaddr=3ffb0000 size=02108h (  8456) load[0m
[0;32mI (120) esp_image: segment 2: paddr=0001b988 vaddr=40080000 size=04690h ( 18064) load[0m
[0;32mI (130) esp_image: segment 3: paddr=00020020 vaddr=400d0020 size=14504h ( 83204) map[0m
[0;32mI (161) esp_image: segment 4: paddr=0003452c vaddr=40084690 size=07a18h ( 31256) load[0m
[0;32mI (180) boot: Loaded app from partition at offset 0x10000[0m
[0;32mI (180) boot: Disabling RNG early entropy source...[0m
[0;32mI (192) cpu_start: Multicore app[0m
[0;32mI (192) cpu_start: Pro cpu up.[0m
[0;32mI (192) cpu_start: Starting app cpu, entry point is 0x400810f4[0m
[0;32mI (180) cpu_start: App cpu up.[0m
[0;32mI (210) cpu_start: Pro cpu start user code[0m
[0;32mI (210) cpu_start: cpu freq: 160000000 Hz[0m
[0;32mI (210) cpu_start: Application information:[0m
[0;32mI (215) cpu_start: Project name:     app-template[0m
[0;32mI (220) cpu_start: App version:      v5.1.4[0m
[0;32mI (225) cpu_start: Compile time:     Jun 16 2024 15:04:22[0m
[0;32mI (231) cpu_start: ELF file SHA256:  66571b7398ec190c...[0m
[0;32mI (237) cpu_start: ESP-IDF:          v5.1.4[0m
[0;32mI (242) cpu_start: Min chip rev:     v0.0[0m
[0;32mI (247) cpu_start: Max chip rev:     v3.99 [0m
[0;32mI (252) cpu_start: Chip rev:         v3.1[0m
[0;32mI (257) heap_init: Initializing. RAM available for dynamic allocation:[0m
[0;32mI (264) heap_init: At 3FFAE6E0 len 00001920 (6 KiB): DRAM[0m
[0;32mI (270) heap_init: At 3FFB2990 len 0002D670 (181 KiB): DRAM[0m
[0;32mI (276) heap_init: At 3FFE0440 len 00003AE0 (14 KiB): D/IRAM[0m
[0;32mI (282) heap_init: At 3FFE4350 len 0001BCB0 (111 KiB): D/IRAM[0m
[0;32mI (289) heap_init: At 4008C0A8 len 00013F58 (79 KiB): IRAM[0m
[0;32mI (296) spi_flash: detected chip: generic[0m
[0;32mI (300) spi_flash: flash io: dio[0m
[0;33mW (303) spi_flash: Detected size(4096k) larger than the size in the binary image header(2048k). Using the size in the binary image header.[0m
[0;32mI (317) app_start: Starting scheduler on CPU0[0m
[0;32mI (322) app_start: Starting scheduler on CPU1[0m
[0;32mI (322) main_task: Started on CPU0[0m
[0;32mI (332) main_task: Calling app_main()[0m

assert failed: timer_ll_set_clock_prescale /IDF/components/hal/esp32/include/hal/timer_ll.h:84 (divider >= 2 && divider <= 65536)


Backtrace: 0x40081726:0x3ffb4a30 0x400857b9:0x3ffb4a50 0x4008acf1:0x3ffb4a70 0x400e2cee:0x3ffb4b90 0x400e2df3:0x3ffb4bc0 0x400e305d:0x3ffb4c00 0x400d5694:0x3ffb4c40 0x400e3cbc:0x3ffb4c90 0x40087c9d:0x3ffb4cc0




ELF file SHA256: 66571b7398ec190c

Rebooting...
ets Jul 29 2019 12:21:46

rst:0xc (SW_CPU_RESET),boot:0x13 (SPI_FAST_FLASH_BOOT)
configsip: 0, SPIWP:0xee
clk_drv:0x00,q_drv:0x00,d_drv:0x00,cs0_drv:0x00,hd_drv:0x00,wp_drv:0x00
mode:DIO, clock div:2
load:0x3fff0030,len:7112
load:0x40078000,len:15624
load:0x40080400,len:4
load:0x40080404,len:3876
entry 0x4008064c
[0;32mI (29) boot: ESP-IDF v5.1.4 2nd stage bootloader[0m
[0;32mI (29) boot: compile time Jun 16 2024 15:05:03[0m
[0;32mI (29) boot: Multicore bootloader[0m
[0;32mI (34) boot: chip revision: v3.1[0m
[0;32mI (37) boot.esp32: SPI Speed      : 40MHz[0m
[0;32mI (42) boot.esp32: SPI Mode       : DIO[0m
[0;32mI (46) boot.esp32: SPI Flash Size : 2MB[0m
[0;32mI (51) boot: Enabling RNG early entropy source...[0m
[0;32mI (56) boot: Partition Table:[0m
[0;32mI (60) boot: ## Label            Usage          Type ST Offset   Length[0m
[0;32mI (67) boot:  0 nvs              WiFi data        01 02 00009000 00006000[0m
[0;32mI (75) boot:  1 phy_init         RF data          01 01 0000f000 00001000[0m
[0;32mI (82) boot:  2 factory          factory app      00 00 00010000 00100000[0m
[0;32mI (90) boot: End of partition table[0m
[0;32mI (94) esp_image: segment 0: paddr=00010020 vaddr=3f400020 size=09850h ( 38992) map[0m
[0;32mI (116) esp_image: segment 1: paddr=00019878 vaddr=3ffb0000 size=02108h (  8456) load[0m
[0;32mI (120) esp_image: segment 2: paddr=0001b988 vaddr=40080000 size=04690h ( 18064) load[0m
[0;32mI (130) esp_image: segment 3: paddr=00020020 vaddr=400d0020 size=14504h ( 83204) map[0m
[0;32mI (161) esp_image: segment 4: paddr=0003452c vaddr=40084690 size=07a18h ( 31256) load[0m
[0;32mI (180) boot: Loaded app from partition at offset 0x10000[0m
[0;32mI (180) boot: Disabling RNG early entropy source...[0m
[0;32mI (192) cpu_start: Multicore app[0m
[0;32mI (192) cpu_start: Pro cpu up.[0m
[0;32mI (192) cpu_start: Starting app cpu, entry point is 0x400810f4[0m
[0;32mI (180) cpu_start: App cpu up.[0m
[0;32mI (210) cpu_start: Pro cpu start user code[0m
[0;32mI (210) cpu_start: cpu freq: 160000000 Hz[0m
[0;32mI (210) cpu_start: Application information:[0m
[0;32mI (215) cpu_start: Project name:     app-template[0m
[0;32mI (220) cpu_start: App version:      v5.1.4[0m
[0;32mI (225) cpu_start: Compile time:     Jun 16 2024 15:04:22[0m
[0;32mI (231) cpu_start: ELF file SHA256:  66571b7398ec190c...[0m
[0;32mI (237) cpu_start: ESP-IDF:          v5.1.4[0m
[0;32mI (242) cpu_start: Min chip rev:     v0.0[0m
[0;32mI (247) cpu_start: Max chip rev:     v3.99 [0m
[0;32mI (252) cpu_start: Chip rev:         v3.1[0m
[0;32mI (257) heap_init: Initializing. RAM available for dynamic allocation:[0m
[0;32mI (264) heap_init: At 3FFAE6E0 len 00001920 (6 KiB): DRAM[0m
[0;32mI (270) heap_init: At 3FFB2990 len 0002D670 (181 KiB): DRAM[0m
[0;32mI (276) heap_init: At 3FFE0440 len 00003AE0 (14 KiB): D/IRAM[0m
[0;32mI (282) heap_init: At 3FFE4350 len 0001BCB0 (111 KiB): D/IRAM[0m
[0;32mI (289) heap_init: At 4008C0A8 len 00013F58 (79 KiB): IRAM[0m
[0;32mI (296) spi_flash: detected chip: generic[0m
[0;32mI (300) spi_flash: flash io: dio[0m
[0;33mW (303) spi_flash: Detected size(4096k) larger than the size in the binary image header(2048k). Using the size in the binary image header.[0m
[0;32mI (317) app_start: Starting scheduler on CPU0[0m
[0;32mI (322) app_start: Starting scheduler on CPU1[0m
[0;32mI (322) main_task: Started on CPU0[0m
[0;32mI (332) main_task: Calling app_main()[0m

assert failed: timer_ll_set_clock_prescale /IDF/components/hal/esp32/include/hal/timer_ll.h:84 (divider >= 2 && divider <= 65536)


Backtrace: 0x40081726:0x3ffb4a30 0x400857b9:0x3ffb4a50 0x4008acf1:0x3ffb4a70 0x400e2cee:0x3ffb4b90 0x400e2df3:0x3ffb4bc0 0x400e305d:0x3ffb4c00 0x400d5694:0x3ffb4c40 0x400e3cbc:0x3ffb4c90 0x40087c9d:0x3ffb4cc0




ELF file SHA256: 66571b7398ec190c

Rebooting...
ets Jul 29 2019 12:21:46

rst:0xc (SW_CPU_RESET),boot:0x13 (SPI_FAST_FLASH_BOOT)
configsip: 0, SPIWP:0xee
clk_drv:0x00,q_drv:0x00,d_drv:0x00,cs0_drv:0x00,hd_drv:0x00,wp_drv:0x00
mode:DIO, clock div:2
load:0x3fff0030,len:7112
load:0x40078000,len:15624
load:0x40080400,len:4
load:0x40080404,len:3876
entry 0x4008064c
[0;32mI (29) boot: ESP-IDF v5.1.4 2nd stage bootloader[0m
[0;32mI (29) boot: compile time Jun 16 2024 15:05:03[0m
[0;32mI (29) boot: Multicore bootloader[0m
[0;32mI (34) boot: chip revision: v3.1[0m
[0;32mI (37) boot.esp32: SPI Speed      : 40MHz[0m
[0;32mI (42) boot.esp32: SPI Mode       : DIO[0m
[0;32mI (46) boot.esp32: SPI Flash Size : 2MB[0m
[0;32mI (51) boot: Enabling RNG early entropy source...[0m
[0;32mI (56) boot: Partition Table:[0m
[0;32mI (60) boot: ## Label            Usage          Type ST Offset   Length[0m
[0;32mI (67) boot:  0 nvs              WiFi data        01 02 00009000 00006000[0m
[0;32mI (75) boot:  1 phy_init         RF data          01 01 0000f000 00001000[0m
[0;32mI (82) boot:  2 factory          factory app      00 00 00010000 00100000[0m
[0;32mI (90) boot: End of partition table[0m
[0;32mI (94) esp_image: segment 0: paddr=00010020 vaddr=3f400020 size=09850h ( 38992) map[0m
[0;32mI (116) esp_image: segment 1: paddr=00019878 vaddr=3ffb0000 size=02108h (  8456) load[0m
[0;32mI (120) esp_image: segment 2: paddr=0001b988 vaddr=40080000 size=04690h ( 18064) load[0m
[0;32mI (130) esp_image: segment 3: paddr=00020020 vaddr=400d0020 size=14504h ( 83204) map[0m
[0;32mI (161) esp_image: segment 4: paddr=0003452c vaddr=40084690 size=07a18h ( 31256) load[0m
[0;32mI (180) boot: Loaded app from partition at offset 0x10000[0m
[0;32mI (180) boot: Disabling RNG early entropy source...[0m
[0;32mI (192) cpu_start: Multicore app[0m
[0;32mI (192) cpu_start: Pro cpu up.[0m
[0;32mI (192) cpu_start: Starting app cpu, entry point is 0x400810f4[0m
[0;32mI (180) cpu_start: App cpu up.[0m
[0;32mI (210) cpu_start: Pro cpu start user code[0m
[0;32mI (210) cpu_start: cpu freq: 160000000 Hz[0m
[0;32mI (210) cpu_start: Application information:[0m
[0;32mI (215) cpu_start: Project name:     app-template[0m
[0;32mI (220) cpu_start: App version:      v5.1.4[0m
[0;32mI (225) cpu_start: Compile time:     Jun 16 2024 15:04:22[0m
[0;32mI (231) cpu_start: ELF file SHA256:  66571b7398ec190c...[0m
[0;32mI (237) cpu_start: ESP-IDF:          v5.1.4[0m
[0;32mI (242) cpu_start: Min chip rev:     v0.0[0m
[0;32mI (247) cpu_start: Max chip rev:     v3.99 [0m
[0;32mI (252) cpu_start: Chip rev:         v3.1[0m
[0;32mI (257) heap_init: Initializing. RAM available for dynamic allocation:[0m
[0;32mI (264) heap_init: At 3FFAE6E0 len 00001920 (6 KiB): DRAM[0m
[0;32mI (270) heap_init: At 3FFB2990 len 0002D670 (181 KiB): DRAM[0m
[0;32mI (276) heap_init: At 3FFE0440 len 00003AE0 (14 KiB): D/IRAM[0m
[0;32mI (282) heap_init: At 3FFE4350 len 0001BCB0 (111 KiB): D/IRAM[0m
[0;32mI (289) heap_init: At 4008C0A8 len 00013F58 (79 KiB): IRAM[0m
[0;32mI (296) spi_flash: detected chip: generic[0m
[0;32mI (300) spi_flash: flash io: dio[0m
[0;33mW (303) spi_flash: Detected size(4096k) larger than the size in the binary image header(2048k). Using the size in the binary image header.[0m
[0;32mI (317) app_start: Starting scheduler on CPU0[0m
[0;32mI (322) app_start: Starting scheduler on CPU1[0m
[0;32mI (322) main_task: Started on CPU0[0m
[0;32mI (332) main_task: Calling app_main()[0m

assert failed: timer_ll_set_clock_prescale /IDF/components/hal/esp32/include/hal/timer_ll.h:84 (divider >= 2 && divider <= 65536)


Backtrace: 0x40081726:0x3ffb4a30 0x400857b9:0x3ffb4a50 0x4008acf1:0x3ffb4a70 0x400e2cee:0x3ffb4b90 0x400e2df3:0x3ffb4bc0 0x400e305d:0x3ffb4c00 0x400d5694:0x3ffb4c40 0x400e3cbc:0x3ffb4c90 0x40087c9d:0x3ffb4cc0




ELF file SHA256: 66571b7398ec190c

Rebooting...
ets Jul 29 2019 12:21:46

rst:0xc (SW_CPU_RESET),boot:0x13 (SPI_FAST_FLASH_BOOT)
configsip: 0, SPIWP:0xee
clk_drv:0x00,q_drv:0x00,d_drv:0x00,cs0_drv:0x00,hd_drv:0x00,wp_drv:0x00
mode:DIO, clock div:2
load:0x3fff0030,len:7112
load:0x40078000,len:15624
load:0x40080400,len:4
load:0x40080404,len:3876
entry 0x4008064c
[0;32mI (29) boot: ESP-IDF v5.1.4 2nd stage bootloader[0m
[0;32mI (29) boot: compile time Jun 16 2024 15:05:03[0m
[0;32mI (29) boot: Multicore bootloader[0m
[0;32mI (34) boot: chip revision: v3.1[0m
[0;32mI (37) boot.esp32: SPI Speed      : 40MHz[0m
[0;32mI (42) boot.esp32: SPI Mode       : DIO[0m
[0;32mI (46) boot.esp32: SPI Flash Size : 2MB[0m
[0;32mI (51) boot: Enabling RNG early entropy source...[0m
[0;32mI (56) boot: Partition Table:[0m
[0;32mI (60) boot: ## Label            Usage          Type ST Offset   Length[0m
[0;32mI (67) boot:  0 nvs              WiFi data        01 02 00009000 00006000[0m
[0;32mI (75) boot:  1 phy_init         RF data          01 01 0000f000 00001000[0m
[0;32mI (82) boot:  2 factory          factory app      00 00 00010000 00100000[0m
[0;32mI (90) boot: End of partition table[0m
[0;32mI (94) esp_image: segment 0: paddr=00010020 vaddr=3f400020 size=09850h ( 38992) map[0m
[0;32mI (116) esp_image: segment 1: paddr=00019878 vaddr=3ffb0000 size=02108h (  8456) load[0m
[0;32mI (120) esp_image: segment 2: paddr=0001b988 vaddr=40080000 size=04690h ( 18064) load[0m
[0;32mI (130) esp_image: segment 3: paddr=00020020 vaddr=400d0020 size=14504h ( 83204) map[0m
[0;32mI (161) esp_image: segment 4: paddr=0003452c vaddr=40084690 size=07a18h ( 31256) load[0m
[0;32mI (180) boot: Loaded app from partition at offset 0x10000[0m
[0;32mI (180) boot: Disabling RNG early entropy source...[0m
[0;32mI (192) cpu_start: Multicore app[0m
[0;32mI (192) cpu_start: Pro cpu up.[0m
[0;32mI (192) cpu_start: Starting app cpu, entry point is 0x400810f4[0m
[0;32mI (180) cpu_start: App cpu up.[0m
[0;32mI (210) cpu_start: Pro cpu start user code[0m
[0;32mI (210) cpu_start: cpu freq: 160000000 Hz[0m
[0;32mI (210) cpu_start: Application information:[0m
[0;32mI (215) cpu_start: Project name:     app-template[0m
[0;32mI (220) cpu_start: App version:      v5.1.4[0m
[0;32mI (225) cpu_start: Compile time:     Jun 16 2024 15:04:22[0m
[0;32mI (231) cpu_start: ELF file SHA256:  66571b7398ec190c...[0m
[0;32mI (237) cpu_start: ESP-IDF:          v5.1.4[0m
[0;32mI (242) cpu_start: Min chip rev:     v0.0[0m
[0;32mI (247) cpu_start: Max chip rev:     v3.99 [0m
[0;32mI (252) cpu_start: Chip rev:         v3.1[0m
[0;32mI (257) heap_init: Initializing. RAM available for dynamic allocation:[0m
[0;32mI (264) heap_init: At 3FFAE6E0 len 00001920 (6 KiB): DRAM[0m
[0;32mI (270) heap_init: At 3FFB2990 len 0002D670 (181 KiB): DRAM[0m
[0;32mI (276) heap_init: At 3FFE0440 len 00003AE0 (14 KiB): D/IRAM[0m
[0;32mI (282) heap_init: At 3FFE4350 len 0001BCB0 (111 KiB): D/IRAM[0m
[0;32mI (289) heap_init: At 4008C0A8 len 00013F58 (79 KiB): IRAM[0m
[0;32mI (296) spi_flash: detected chip: generic[0m
[0;32mI (300) spi_flash: flash io: dio[0m
[0;33mW (303) spi_flash: Detected size(4096k) larger than the size in the binary image header(2048k). Using the size in the binary image header.[0m
[0;32mI (317) app_start: Starting scheduler on CPU0[0m
[0;32mI (322) app_start: Starting scheduler on CPU1[0m
[0;32mI (322) main_task: Started on CPU0[0m
[0;32mI (332) main_task: Calling app_main()[0m

assert failed: timer_ll_set_clock_prescale /IDF/components/hal/esp32/include/hal/timer_ll.h:84 (divider >= 2 && divider <= 65536)


Backtrace: 0x40081726:0x3ffb4a30 0x400857b9:0x3ffb4a50 0x4008acf1:0x3ffb4a70 0x400e2cee:0x3ffb4b90 0x400e2df3:0x3ffb4bc0 0x400e305d:0x3ffb4c00 0x400d5694:0x3ffb4c40 0x400e3cbc:0x3ffb4c90 0x40087c9d:0x3ffb4cc0




ELF file SHA256: 66571b7398ec190c

Rebooting...
ets Jul 29 2019 12:21:46

rst:0xc (SW_CPU_RESET),boot:0x13 (SPI_FAST_FLASH_BOOT)
configsip: 0, SPIWP:0xee
clk_drv:0x00,q_drv:0x00,d_drv:0x00,cs0_drv:0x00,hd_drv:0x00,wp_drv:0x00
mode:DIO, clock div:2
load:0x3fff0030,len:7112
load:0x40078000,len:15624
load:0x40080400,len:4
load:0x40080404,len:3876
entry 0x4008064c
[0;32mI (29) boot: ESP-IDF v5.1.4 2nd stage bootloader[0m
[0;32mI (29) boot: compile time Jun 16 2024 15:05:03[0m
[0;32mI (29) boot: Multicore bootloader[0m
[0;32mI (34) boot: chip revision: v3.1[0m
[0;32mI (37) boot.esp32: SPI Speed      : 40MHz[0m
[0;32mI (42) boot.esp32: SPI Mode       : DIO[0m
[0;32mI (46) boot.esp32: SPI Flash Size : 2MB[0m
[0;32mI (51) boot: Enabling RNG early entropy source...[0m
[0;32mI (56) boot: Partition Table:[0m
[0;32mI (60) boot: ## Label            Usage          Type ST Offset   Length[0m
[0;32mI (67) boot:  0 nvs              WiFi data        01 02 00009000 00006000[0m
[0;32mI (75) boot:  1 phy_init         RF data          01 01 0000f000 00001000[0m
[0;32mI (82) boot:  2 factory          factory app      00 00 00010000 00100000[0m
[0;32mI (90) boot: End of partition table[0m
[0;32mI (94) esp_image: segment 0: paddr=00010020 vaddr=3f400020 size=09850h ( 38992) map[0m
[0;32mI (116) esp_image: segment 1: paddr=00019878 vaddr=3ffb0000 size=02108h (  8456) load[0m
[0;32mI (120) esp_image: segment 2: paddr=0001b988 vaddr=40080000 size=04690h ( 18064) load[0m
[0;32mI (130) esp_image: segment 3: paddr=00020020 vaddr=400d0020 size=14504h ( 83204) map[0m
[0;32mI (161) esp_image: segment 4: paddr=0003452c vaddr=40084690 size=07a18h ( 31256) load[0m
[0;32mI (180) boot: Loaded app from partition at offset 0x10000[0m
[0;32mI (180) boot: Disabling RNG early entropy source...[0m
[0;32mI (192) cpu_start: Multicore app[0m
[0;32mI (192) cpu_start: Pro cpu up.[0m
[0;32mI (192) cpu_start: Starting app cpu, entry point is 0x400810f4[0m
[0;32mI (180) cpu_start: App cpu up.[0m
[0;32mI (210) cpu_start: Pro cpu start user code[0m
[0;32mI (210) cpu_start: cpu freq: 160000000 Hz[0m
[0;32mI (210) cpu_start: Application information:[0m
[0;32mI (215) cpu_start: Project name:     app-template[0m
[0;32mI (220) cpu_start: App version:      v5.1.4[0m
[0;32mI (225) cpu_start: Compile time:     Jun 16 2024 15:04:22[0m
[0;32mI (231) cpu_start: ELF file SHA256:  66571b7398ec190c...[0m
[0;32mI (237) cpu_start: ESP-IDF:          v5.1.4[0m
[0;32mI (242) cpu_start: Min chip rev:     v0.0[0m
[0;32mI (247) cpu_start: Max chip rev:     v3.99 [0m
[0;32mI (252) cpu_start: Chip rev:         v3.1[0m
[0;32mI (257) heap_init: Initializing. RAM available for dynamic allocation:[0m
[0;32mI (264) heap_init: At 3FFAE6E0 len 00001920 (6 KiB): DRAM[0m
[0;32mI (270) heap_init: At 3FFB2990 len 0002D670 (181 KiB): DRAM[0m
[0;32mI (276) heap_init: At 3FFE0440 len 00003AE0 (14 KiB): D/IRAM[0m
[0;32mI (282) heap_init: At 3FFE4350 len 0001BCB0 (111 KiB): D/IRAM[0m
[0;32mI (289) heap_init: At 4008C0A8 len 00013F58 (79 KiB): IRAM[0m
[0;32mI (296) spi_flash: detected chip: generic[0m
[0;32mI (300) spi_flash: flash io: dio[0m
[0;33mW (303) spi_flash: Detected size(4096k) larger than the size in the binary image header(2048k). Using the size in the binary image header.[0m
[0;32mI (317) app_start: Starting scheduler on CPU0[0m
[0;32mI (322) app_start: Starting scheduler on CPU1[0m
[0;32mI (322) main_task: Started on CPU0[0m
[0;32mI (332) main_task: Calling app_main()[0m

assert failed: timer_ll_set_clock_prescale /IDF/components/hal/esp32/include/hal/timer_ll.h:84 (divider >= 2 && divider <= 65536)


Backtrace: 0x40081726:0x3ffb4a30 0x400857b9:0x3ffb4a50 0x4008acf1:0x3ffb4a70 0x400e2cee:0x3ffb4b90 0x400e2df3:0x3ffb4bc0 0x400e305d:0x3ffb4c00 0x400d5694:0x3ffb4c40 0x400e3cbc:0x3ffb4c90 0x40087c9d:0x3ffb4cc0




ELF file SHA256: 66571b7398ec190c

Rebooting...
ets Jul 29 2019 12:21:46

rst:0xc (SW_CPU_RESET),boot:0x13 (SPI_FAST_FLASH_BOOT)
configsip: 0, SPIWP:0xee
clk_drv:0x00,q_drv:0x00,d_drv:0x00,cs0_drv:0x00,hd_drv:0x00,wp_drv:0x00
mode:DIO, clock div:2
load:0x3fff0030,len:7112
load:0x40078000,len:15624
load:0x40080400,len:4
load:0x40080404,len:3876
entry 0x4008064c
[0;32mI (29) boot: ESP-IDF v5.1.4 2nd stage bootloader[0m
[0;32mI (29) boot: compile time Jun 16 2024 15:05:03[0m
[0;32mI (29) boot: Multicore bootloader[0m
[0;32mI (33) boot: chip revision: v3.1[0m
[0;32mI (37) boot.esp32: SPI Speed      : 40MHz[0m
[0;32mI (42) boot.esp32: SPI Mode       : DIO[0m
[0;32mI (46) boot.esp32: SPI Flash Size : 2MB[0m
[0;32mI (51) boot: Enabling RNG early entropy source...[0m
[0;32mI (56) boot: Partition Table:[0m
[0;32mI (60) boot: ## Label            Usage          Type ST Offset   Length[0m
[0;32mI (67) boot:  0 nvs              WiFi data        01 02 00009000 00006000[0m
[0;32mI (75) boot:  1 phy_init         RF data          01 01 0000f000 00001000[0m
[0;32mI (82) boot:  2 factory          factory app      00 00 00010000 00100000[0m
[0;32mI (90) boot: End of partition table[0m
[0;32mI (94) esp_image: segment 0: paddr=00010020 vaddr=3f400020 size=09850h ( 38992) map[0m
[0;32mI (116) esp_image: segment 1: paddr=00019878 vaddr=3ffb0000 size=02108h (  8456) load[0m
[0;32mI (120) esp_image: segment 2: paddr=0001b988 vaddr=40080000 size=04690h ( 18064) load[0m
[0;32mI (130) esp_image: segment 3: paddr=00020020 vaddr=400d0020 size=14504h ( 83204) map[0m
[0;32mI (161) esp_image: segment 4: paddr=0003452c vaddr=40084690 size=07a18h ( 31256) load[0m
[0;32mI (180) boot: Loaded app from partition at offset 0x10000[0m
[0;32mI (180) boot: Disabling RNG early entropy source...[0m
[0;32mI (192) cpu_start: Multicore app[0m
[0;32mI (192) cpu_start: Pro cpu up.[0m
[0;32mI (192) cpu_start: Starting app cpu, entry point is 0x400810f4[0m
[0;32mI (180) cpu_start: App cpu up.[0m
[0;32mI (210) cpu_start: Pro cpu start user code[0m
[0;32mI (210) cpu_start: cpu freq: 160000000 Hz[0m
[0;32mI (210) cpu_start: Application information:[0m
[0;32mI (215) cpu_start: Project name:     app-template[0m
[0;32mI (220) cpu_start: App version:      v5.1.4[0m
[0;32mI (225) cpu_start: Compile time:     Jun 16 2024 15:04:22[0m
[0;32mI (231) cpu_start: ELF file SHA256:  66571b7398ec190c...[0m
[0;32mI (237) cpu_start: ESP-IDF:          v5.1.4[0m
[0;32mI (242) cpu_start: Min chip rev:     v0.0[0m
[0;32mI (247) cpu_start: Max chip rev:     v3.99 [0m
[0;32mI (252) cpu_start: Chip rev:         v3.1[0m
[0;32mI (257) heap_init: Initializing. RAM available for dynamic allocation:[0m
[0;32mI (264) heap_init: At 3FFAE6E0 len 00001920 (6 KiB): DRAM[0m
[0;32mI (270) heap_init: At 3FFB2990 len 0002D670 (181 KiB): DRAM[0m
[0;32mI (276) heap_init: At 3FFE0440 len 00003AE0 (14 KiB): D/IRAM[0m
[0;32mI (282) heap_init: At 3FFE4350 len 0001BCB0 (111 KiB): D/IRAM[0m
[0;32mI (289) heap_init: At 4008C0A8 len 00013F58 (79 KiB): IRAM[0m
[0;32mI (296) spi_flash: detected chip: generic[0m
[0;32mI (300) spi_flash: flash io: dio[0m
[0;33mW (303) spi_flash: Detected size(4096k) larger than the size in the binary image header(2048k). Using the size in the binary image header.[0m
[0;32mI (317) app_start: Starting scheduler on CPU0[0m
[0;32mI (322) app_start: Starting scheduler on CPU1[0m
[0;32mI (322) main_task: Started on CPU0[0m
[0;32mI (332) main_task: Calling app_main()[0m

assert failed: timer_ll_set_clock_prescale /IDF/components/hal/esp32/include/hal/timer_ll.h:84 (divider >= 2 && divider <= 65536)


Backtrace: 0x40081726:0x3ffb4a30 0x400857b9:0x3ffb4a50 0x4008acf1:0x3ffb4a70 0x400e2cee:0x3ffb4b90 0x400e2df3:0x3ffb4bc0 0x400e305d:0x3ffb4c00 0x400d5694:0x3ffb4c40 0x400e3cbc:0x3ffb4c90 0x40087c9d:0x3ffb4cc0




ELF file SHA256: 66571b7398ec190c

Rebooting...
ets Jul 29 2019 12:21:46

rst:0xc (SW_CPU_RESET),boot:0x13 (SPI_FAST_FLASH_BOOT)
configsip: 0, SPIWP:0xee
clk_drv:0x00,q_drv:0x00,d_drv:0x00,cs0_drv:0x00,hd_drv:0x00,wp_drv:0x00
mode:DIO, clock div:2
load:0x3fff0030,len:7112
load:0x40078000,len:15624
load:0x40080400,len:4
load:0x40080404,len:3876
entry 0x4008064c
[0;32mI (29) boot: ESP-IDF v5.1.4 2nd stage bootloader[0m
[0;32mI (29) boot: compile time Jun 16 2024 15:05:03[0m
[0;32mI (29) boot: Multicore bootloader[0m
[0;32mI (34) boot: chip revision: v3.1[0m
[0;32mI (37) boot.esp32: SPI Speed      : 40MHz[0m
[0;32mI (42) boot.esp32: SPI Mode       : DIO[0m
[0;32mI (46) boot.esp32: SPI Flash Size : 2MB[0m
[0;32mI (51) boot: Enabling RNG early entropy source...[0m
[0;32mI (56) boot: Partition Table:[0m
[0;32mI (60) boot: ## Label            Usage          Type ST Offset   Length[0m
[0;32mI (67) boot:  0 nvs              WiFi data        01 02 00009000 00006000[0m
[0;32mI (75) boot:  1 phy_init         RF data          01 01 0000f000 00001000[0m
[0;32mI (82) boot:  2 factory          factory app      00 00 00010000 00100000[0m
[0;32mI (90) boot: End of partition table[0m
[0;32mI (94) esp_image: segment 0: paddr=00010020 vaddr=3f400020 size=09850h ( 38992) map[0m
[0;32mI (116) esp_image: segment 1: paddr=00019878 vaddr=3ffb0000 size=02108h (  8456) load[0m
[0;32mI (120) esp_image: segment 2: paddr=0001b988 vaddr=40080000 size=04690h ( 18064) load[0m
[0;32mI (130) esp_image: segment 3: paddr=00020020 vaddr=400d0020 size=14504h ( 83204) map[0m
[0;32mI (161) esp_image: segment 4: paddr=0003452c vaddr=40084690 size=07a18h ( 31256) load[0m
[0;32mI (180) boot: Loaded app from partition at offset 0x10000[0m
[0;32mI (180) boot: Disabling RNG early entropy source...[0m
[0;32mI (192) cpu_start: Multicore app[0m
[0;32mI (192) cpu_start: Pro cpu up.[0m
[0;32mI (192) cpu_start: Starting app cpu, entry point is 0x400810f4[0m
[0;32mI (180) cpu_start: App cpu up.[0m
[0;32mI (210) cpu_start: Pro cpu start user code[0m
[0;32mI (210) cpu_start: cpu freq: 160000000 Hz[0m
[0;32mI (210) cpu_start: Application information:[0m
[0;32mI (215) cpu_start: Project name:     app-template[0m
[0;32mI (220) cpu_start: App version:      v5.1.4[0m
[0;32mI (225) cpu_start: Compile time:     Jun 16 2024 15:04:22[0m
[0;32mI (231) cpu_start: ELF file SHA256:  66571b7398ec190c...[0m
[0;32mI (237) cpu_start: ESP-IDF:          v5.1.4[0m
[0;32mI (242) cpu_start: Min chip rev:     v0.0[0m
[0;32mI (247) cpu_start: Max chip rev:     v3.99 [0m
[0;32mI (252) cpu_start: Chip rev:         v3.1[0m
[0;32mI (257) heap_init: Initializing. RAM available for dynamic allocation:[0m
[0;32mI (264) heap_init: At 3FFAE6E0 len 00001920 (6 KiB): DRAM[0m
[0;32mI (270) heap_init: At 3FFB2990 len 0002D670 (181 KiB): DRAM[0m
[0;32mI (276) heap_init: At 3FFE0440 len 00003AE0 (14 KiB): D/IRAM[0m
[0;32mI (282) heap_init: At 3FFE4350 len 0001BCB0 (111 KiB): D/IRAM[0m
[0;32mI (289) heap_init: At 4008C0A8 len 00013F58 (79 KiB): IRAM[0m
[0;32mI (296) spi_flash: detected chip: generic[0m
[0;32mI (300) spi_flash: flash io: dio[0m
[0;33mW (303) spi_flash: Detected size(4096k) larger than the size in the binary image header(2048k). Using the size in the binary image header.[0m
[0;32mI (317) app_start: Starting scheduler on CPU0[0m
[0;32mI (322) app_start: Starting scheduler on CPU1[0m
[0;32mI (322) main_task: Started on CPU0[0m
[0;32mI (332) main_task: Calling app_main()[0m

assert failed: timer_ll_set_clock_prescale /IDF/components/hal/esp32/include/hal/timer_ll.h:84 (divider >= 2 && divider <= 65536)


Backtrace: 0x40081726:0x3ffb4a30 0x400857b9:0x3ffb4a50 0x4008acf1:0x3ffb4a70 0x400e2cee:0x3ffb4b90 0x400e2df3:0x3ffb4bc0 0x400e305d:0x3ffb4c00 0x400d5694:0x3ffb4c40 0x400e3cbc:0x3ffb4c90 0x40087c9d:0x3ffb4cc0




ELF file SHA256: 66571b7398ec190c

Rebooting...
ets Jul 29 2019 12:21:46

rst:0xc (SW_CPU_RESET),boot:0x13 (SPI_FAST_FLASH_BOOT)
configsip: 0, SPIWP:0xee
clk_drv:0x00,q_drv:0x00,d_drv:0x00,cs0_drv:0x00,hd_drv:0x00,wp_drv:0x00
mode:DIO, clock div:2
load:0x3fff0030,len:7112
load:0x40078000,len:15624
load:0x40080400,len:4
load:0x40080404,len:3876
entry 0x4008064c
[0;32mI (29) boot: ESP-IDF v5.1.4 2nd stage bootloader[0m
[0;32mI (29) boot: compile time Jun 16 2024 15:05:03[0m
[0;32mI (29) boot: Multicore bootloader[0m
[0;32mI (34) boot: chip revision: v3.1[0m
[0;32mI (37) boot.esp32: SPI Speed      : 40MHz[0m
[0;32mI (42) boot.esp32: SPI Mode       : DIO[0m
[0;32mI (46) boot.esp32: SPI Flash Size : 2MB[0m
[0;32mI (51) boot: Enabling RNG early entropy source...[0m
[0;32mI (56) boot: Partition Table:[0m
[0;32mI (60) boot: ## Label            Usage          Type ST Offset   Length[0m
[0;32mI (67) boot:  0 nvs              WiFi data        01 02 00009000 00006000[0m
[0;32mI (75) boot:  1 phy_init         RF data          01 01 0000f000 00001000[0m
[0;32mI (82) boot:  2 factory          factory app      00 00 00010000 00100000[0m
[0;32mI (90) boot: End of partition table[0m
[0;32mI (94) esp_image: segment 0: paddr=00010020 vaddr=3f400020 size=09850h ( 38992) map[0m
[0;32mI (116) esp_image: segment 1: paddr=00019878 vaddr=3ffb0000 size=02108h (  8456) load[0m
[0;32mI (120) esp_image: segment 2: paddr=0001b988 vaddr=40080000 size=04690h ( 18064) load[0m
[0;32mI (130) esp_image: segment 3: paddr=00020020 vaddr=400d0020 size=14504h ( 83204) map[0m
[0;32mI (161) esp_image: segment 4: paddr=0003452c vaddr=40084690 size=07a18h ( 31256) load[0m
[0;32mI (180) boot: Loaded app from partition at offset 0x10000[0m
[0;32mI (180) boot: Disabling RNG early entropy source...[0m
[0;32mI (192) cpu_start: Multicore app[0m
[0;32mI (192) cpu_start: Pro cpu up.[0m
[0;32mI (192) cpu_start: Starting app cpu, entry point is 0x400810f4[0m
[0;32mI (180) cpu_start: App cpu up.[0m
[0;32mI (210) cpu_start: Pro cpu start user code[0m
[0;32mI (210) cpu_start: cpu freq: 160000000 Hz[0m
[0;32mI (210) cpu_start: Application information:[0m
[0;32mI (215) cpu_start: Project name:     app-template[0m
[0;32mI (220) cpu_start: App version:      v5.1.4[0m
[0;32mI (225) cpu_start: Compile time:     Jun 16 2024 15:04:22[0m
[0;32mI (231) cpu_start: ELF file SHA256:  66571b7398ec190c...[0m
[0;32mI (237) cpu_start: ESP-IDF:          v5.1.4[0m
[0;32mI (242) cpu_start: Min chip rev:     v0.0[0m
[0;32mI (247) cpu_start: Max chip rev:     v3.99 [0m
[0;32mI (252) cpu_start: Chip rev:         v3.1[0m
[0;32mI (257) heap_init: Initializing. RAM available for dynamic allocation:[0m
[0;32mI (264) heap_init: At 3FFAE6E0 len 00001920 (6 KiB): DRAM[0m
[0;32mI (270) heap_init: At 3FFB2990 len 0002D670 (181 KiB): DRAM[0m
[0;32mI (276) heap_init: At 3FFE0440 len 00003AE0 (14 KiB): D/IRAM[0m
[0;32mI (282) heap_init: At 3FFE4350 len 0001BCB0 (111 KiB): D/IRAM[0m
[0;32mI (289) heap_init: At 4008C0A8 len 00013F58 (79 KiB): IRAM[0m
[0;32mI (296) spi_flash: detected chip: generic[0m
[0;32mI (300) spi_flash: flash io: dio[0m
[0;33mW (303) spi_flash: Detected size(4096k) larger than the size in the binary image header(2048k). Using the size in the binary image header.[0m
[0;32mI (317) app_start: Starting scheduler on CPU0[0m
[0;32mI (322) app_start: Starting scheduler on CPU1[0m
[0;32mI (322) main_task: Started on CPU0[0m
[0;32mI (332) main_task: Calling app_main()[0m

assert failed: timer_ll_set_clock_prescale /IDF/components/hal/esp32/include/hal/timer_ll.h:84 (divider >= 2 && divider <= 65536)


Backtrace: 0x40081726:0x3ffb4a30 0x400857b9:0x3ffb4a50 0x4008acf1:0x3ffb4a70 0x400e2cee:0x3ffb4b90 0x400e2df3:0x3ffb4bc0 0x400e305d:0x3ffb4c00 0x400d5694:0x3ffb4c40 0x400e3cbc:0x3ffb4c90 0x40087c9d:0x3ffb4cc0




ELF file SHA256: 66571b7398ec190c

Rebooting...
ets Jul 29 2019 12:21:46

rst:0xc (SW_CPU_RESET),boot:0x13 (SPI_FAST_FLASH_BOOT)
configsip: 0, SPIWP:0xee
clk_drv:0x00,q_drv:0x00,d_drv:0x00,cs0_drv:0x00,hd_drv:0x00,wp_drv:0x00
mode:DIO, clock div:2
load:0x3fff0030,len:7112
load:0x40078000,len:15624
load:0x40080400,len:4
load:0x40080404,len:3876
entry 0x4008064c
[0;32mI (29) boot: ESP-IDF v5.1.4 2nd stage bootloader[0m
[0;32mI (29) boot: compile time Jun 16 2024 15:05:03[0m
[0;32mI (29) boot: Multicore bootloader[0m
[0;32mI (34) boot: chip revision: v3.1[0m
[0;32mI (37) boot.esp32: SPI Speed      : 40MHz[0m
[0;32mI (42) boot.esp32: SPI Mode       : DIO[0m
[0;32mI (46) boot.esp32: SPI Flash Size : 2MB[0m
[0;32mI (51) boot: Enabling RNG early entropy source...[0m
[0;32mI (56) boot: Partition Table:[0m
[0;32mI (60) boot: ## Label            Usage          Type ST Offset   Length[0m
[0;32mI (67) boot:  0 nvs              WiFi data        01 02 00009000 00006000[0m
[0;32mI (75) boot:  1 phy_init         RF data          01 01 0000f000 00001000[0m
[0;32mI (82) boot:  2 factory          factory app      00 00 00010000 00100000[0m
[0;32mI (90) boot: End of partition table[0m
[0;32mI (94) esp_image: segment 0: paddr=00010020 vaddr=3f400020 size=09850h ( 38992) map[0m
[0;32mI (116) esp_image: segment 1: paddr=00019878 vaddr=3ffb0000 size=02108h (  8456) load[0m
[0;32mI (120) esp_image: segment 2: paddr=0001b988 vaddr=40080000 size=04690h ( 18064) load[0m
[0;32mI (130) esp_image: segment 3: paddr=00020020 vaddr=400d0020 size=14504h ( 83204) map[0m
[0;32mI (161) esp_image: segment 4: paddr=0003452c vaddr=40084690 size=07a18h ( 31256) load[0m
[0;32mI (180) boot: Loaded app from partition at offset 0x10000[0m
[0;32mI (180) boot: Disabling RNG early entropy source...[0m
[0;32mI (192) cpu_start: Multicore app[0m
[0;32mI (192) cpu_start: Pro cpu up.[0m
[0;32mI (192) cpu_start: Starting app cpu, entry point is 0x400810f4[0m
[0;32mI (180) cpu_start: App cpu up.[0m
[0;32mI (210) cpu_start: Pro cpu start user code[0m
[0;32mI (210) cpu_start: cpu freq: 160000000 Hz[0m
[0;32mI (210) cpu_start: Application information:[0m
[0;32mI (215) cpu_start: Project name:     app-template[0m
[0;32mI (220) cpu_start: App version:      v5.1.4[0m
[0;32mI (225) cpu_start: Compile time:     Jun 16 2024 15:04:22[0m
[0;32mI (231) cpu_start: ELF file SHA256:  66571b7398ec190c...[0m
[0;32mI (237) cpu_start: ESP-IDF:          v5.1.4[0m
[0;32mI (242) cpu_start: Min chip rev:     v0.0[0m
[0;32mI (247) cpu_start: Max chip rev:     v3.99 [0m
[0;32mI (252) cpu_start: Chip rev:         v3.1[0m
[0;32mI (257) heap_init: Initializing. RAM available for dynamic allocation:[0m
[0;32mI (264) heap_init: At 3FFAE6E0 len 00001920 (6 KiB): DRAM[0m
[0;32mI (270) heap_init: At 3FFB2990 len 0002D670 (181 KiB): DRAM[0m
[0;32mI (276) heap_init: At 3FFE0440 len 00003AE0 (14 KiB): D/IRAM[0m
[0;32mI (282) heap_init: At 3FFE4350 len 0001BCB0 (111 KiB): D/IRAM[0m
[0;32mI (289) heap_init: At 4008C0A8 len 00013F58 (79 KiB): IRAM[0m
[0;32mI (296) spi_flash: detected chip: generic[0m
[0;32mI (300) spi_flash: flash io: dio[0m
[0;33mW (303) spi_flash: Detected size(4096k) larger than the size in the binary image header(2048k). Using the size in the binary image header.[0m
[0;32mI (317) app_start: Starting scheduler on CPU0[0m
[0;32mI (322) app_start: Starting scheduler on CPU1[0m
[0;32mI (322) main_task: Started on CPU0[0m
[0;32mI (332) main_task: Calling app_main()[0m

assert failed: timer_ll_set_clock_prescale /IDF/components/hal/esp32/include/hal/timer_ll.h:84 (divider >= 2 && divider <= 65536)


Backtrace: 0x40081726:0x3ffb4a30 0x400857b9:0x3ffb4a50 0x4008acf1:0x3ffb4a70 0x400e2cee:0x3ffb4b90 0x400e2df3:0x3ffb4bc0 0x400e305d:0x3ffb4c00 0x400d5694:0x3ffb4c40 0x400e3cbc:0x3ffb4c90 0x40087c9d:0x3ffb4cc0




ELF file SHA256: 66571b7398ec190c

Rebooting...
ets Jul 29 2019 12:21:46

rst:0xc (SW_CPU_RESET),boot:0x13 (SPI_FAST_FLASH_BOOT)
configsip: 0, SPIWP:0xee
clk_drv:0x00,q_drv:0x00,d_drv:0x00,cs0_drv:0x00,hd_drv:0x00,wp_drv:0x00
mode:DIO, clock div:2
load:0x3fff0030,len:7112
load:0x40078000,len:15624
load:0x40080400,len:4
load:0x40080404,len:3876
entry 0x4008064c
[0;32mI (29) boot: ESP-IDF v5.1.4 2nd stage bootloader[0m
[0;32mI (29) boot: compile time Jun 16 2024 15:05:03[0m
[0;32mI (29) boot: Multicore bootloader[0m
[0;32mI (34) boot: chip revision: v3.1[0m
[0;32mI (37) boot.esp32: SPI Speed      : 40MHz[0m
[0;32mI (42) boot.esp32: SPI Mode       : DIO[0m
[0;32mI (46) boot.esp32: SPI Flash Size : 2MB[0m
[0;32mI (51) boot: Enabling RNG early entropy source...[0m
[0;32mI (56) boot: Partition Table:[0m
[0;32mI (60) boot: ## Label            Usage          Type ST Offset   Length[0m
[0;32mI (67) boot:  0 nvs              WiFi data        01 02 00009000 00006000[0m
[0;32mI (75) boot:  1 phy_init         RF data          01 01 0000f000 00001000[0m
[0;32mI (82) boot:  2 factory          factory app      00 00 00010000 00100000[0m
[0;32mI (90) boot: End of partition table[0m
[0;32mI (94) esp_image: segment 0: paddr=00010020 vaddr=3f400020 size=09850h ( 38992) map[0m
[0;32mI (116) esp_image: segment 1: paddr=00019878 vaddr=3ffb0000 size=02108h (  8456) load[0m
[0;32mI (120) esp_image: segment 2: paddr=0001b988 vaddr=40080000 size=04690h ( 18064) load[0m
[0;32mI (130) esp_image: segment 3: paddr=00020020 vaddr=400d0020 size=14504h ( 83204) map[0m
[0;32mI (161) esp_image: segment 4: paddr=0003452c vaddr=40084690 size=07a18h ( 31256) load[0m
[0;32mI (180) boot: Loaded app from partition at offset 0x10000[0m
[0;32mI (180) boot: Disabling RNG early entropy source...[0m
[0;32mI (192) cpu_start: Multicore app[0m
[0;32mI (192) cpu_start: Pro cpu up.[0m
[0;32mI (192) cpu_start: Starting app cpu, entry point is 0x400810f4[0m
[0;32mI (180) cpu_start: App cpu up.[0m
[0;32mI (210) cpu_start: Pro cpu start user code[0m
[0;32mI (210) cpu_start: cpu freq: 160000000 Hz[0m
[0;32mI (210) cpu_start: Application information:[0m
[0;32mI (215) cpu_start: Project name:     app-template[0m
[0;32mI (220) cpu_start: App version:      v5.1.4[0m
[0;32mI (225) cpu_start: Compile time:     Jun 16 2024 15:04:22[0m
[0;32mI (231) cpu_start: ELF file SHA256:  66571b7398ec190c...[0m
[0;32mI (237) cpu_start: ESP-IDF:          v5.1.4[0m
[0;32mI (242) cpu_start: Min chip rev:     v0.0[0m
[0;32mI (247) cpu_start: Max chip rev:     v3.99 [0m
[0;32mI (252) cpu_start: Chip rev:         v3.1[0m
[0;32mI (257) heap_init: Initializing. RAM available for dynamic allocation:[0m
[0;32mI (264) heap_init: At 3FFAE6E0 len 00001920 (6 KiB): DRAM[0m
[0;32mI (270) heap_init: At 3FFB2990 len 0002D670 (181 KiB): DRAM[0m
[0;32mI (276) heap_init: At 3FFE0440 len 00003AE0 (14 KiB): D/IRAM[0m
[0;32mI (282) heap_init: At 3FFE4350 len 0001BCB0 (111 KiB): D/IRAM[0m
[0;32mI (289) heap_init: At 4008C0A8 len 00013F58 (79 KiB): IRAM[0m
[0;32mI (296) spi_flash: detected chip: generic[0m
[0;32mI (300) spi_flash: flash io: dio[0m
[0;33mW (303) spi_flash: Detected size(4096k) larger than the size in the binary image header(2048k). Using the size in the binary image header.[0m
[0;32mI (317) app_start: Starting scheduler on CPU0[0m
[0;32mI (322) app_start: Starting scheduler on CPU1[0m
[0;32mI (322) main_task: Started on CPU0[0m
[0;32mI (332) main_task: Calling app_main()[0m

assert failed: timer_ll_set_clock_prescale /IDF/components/hal/esp32/include/hal/timer_ll.h:84 (divider >= 2 && divider <= 65536)


Backtrace: 0x40081726:0x3ffb4a30 0x400857b9:0x3ffb4a50 0x4008acf1:0x3ffb4a70 0x400e2cee:0x3ffb4b90 0x400e2df3:0x3ffb4bc0 0x400e305d:0x3ffb4c00 0x400d5694:0x3ffb4c40 0x400e3cbc:0x3ffb4c90 0x40087c9d:0x3ffb4cc0




ELF file SHA256: 66571b7398ec190c

Rebooting...
ets Jul 29 2019 12:21:46

rst:0xc (SW_CPU_RESET),boot:0x13 (SPI_FAST_FLASH_BOOT)
configsip: 0, SPIWP:0xee
clk_drv:0x00,q_drv:0x00,d_drv:0x00,cs0_drv:0x00,hd_drv:0x00,wp_drv:0x00
mode:DIO, clock div:2
load:0x3fff0030,len:7112
load:0x40078000,len:15624
load:0x40080400,len:4
load:0x40080404,len:3876
entry 0x4008064c
[0;32mI (29) boot: ESP-IDF v5.1.4 2nd stage bootloader[0m
[0;32mI (29) boot: compile time Jun 16 2024 15:05:03[0m
[0;32mI (29) boot: Multicore bootloader[0m
[0;32mI (34) boot: chip revision: v3.1[0m
[0;32mI (37) boot.esp32: SPI Speed      : 40MHz[0m
[0;32mI (42) boot.esp32: SPI Mode       : DIO[0m
[0;32mI (46) boot.esp32: SPI Flash Size : 2MB[0m
[0;32mI (51) boot: Enabling RNG early entropy source...[0m
[0;32mI (56) boot: Partition Table:[0m
[0;32mI (60) boot: ## Label            Usage          Type ST Offset   Length[0m
[0;32mI (67) boot:  0 nvs              WiFi data        01 02 00009000 00006000[0m
[0;32mI (75) boot:  1 phy_init         RF data          01 01 0000f000 00001000[0m
[0;32mI (82) boot:  2 factory          factory app      00 00 00010000 00100000[0m
[0;32mI (90) boot: End of partition table[0m
[0;32mI (94) esp_image: segment 0: paddr=00010020 vaddr=3f400020 size=09850h ( 38992) map[0m
[0;32mI (116) esp_image: segment 1: paddr=00019878 vaddr=3ffb0000 size=02108h (  8456) load[0m
[0;32mI (120) esp_image: segment 2: paddr=0001b988 vaddr=40080000 size=04690h ( 18064) load[0m
[0;32mI (130) esp_image: segment 3: paddr=00020020 vaddr=400d0020 size=14504h ( 83204) map[0m
[0;32mI (161) esp_image: segment 4: paddr=0003452c vaddr=40084690 size=07a18h ( 31256) load[0m
[0;32mI (180) boot: Loaded app from partition at offset 0x10000[0m
[0;32mI (180) boot: Disabling RNG early entropy source...[0m
[0;32mI (192) cpu_start: Multicore app[0m
[0;32mI (192) cpu_start: Pro cpu up.[0m
[0;32mI (192) cpu_start: Starting app cpu, entry point is 0x400810f4[0m
[0;32mI (180) cpu_start: App cpu up.[0m
[0;32mI (210) cpu_start: Pro cpu start user code[0m
[0;32mI (210) cpu_start: cpu freq: 160000000 Hz[0m
[0;32mI (210) cpu_start: Application information:[0m
[0;32mI (215) cpu_start: Project name:     app-template[0m
[0;32mI (220) cpu_start: App version:      v5.1.4[0m
[0;32mI (225) cpu_start: Compile time:     Jun 16 2024 15:04:22[0m
[0;32mI (231) cpu_start: ELF file SHA256:  66571b7398ec190c...[0m
[0;32mI (237) cpu_start: ESP-IDF:          v5.1.4[0m
[0;32mI (242) cpu_start: Min chip rev:     v0.0[0m
